Archive member included to satisfy reference by file (symbol)

../MiniDexed/circle-stdlib/install/aarch64-none-circle/lib/libc.a(lib_a-cxa_atexit.o)
                              main.o (__cxa_atexit)
../MiniDexed/circle-stdlib/install/aarch64-none-circle/lib/libc.a(lib_a-snprintf.o)
                              main.o (snprintf)
../MiniDexed/circle-stdlib/install/aarch64-none-circle/lib/libc.a(lib_a-strcmp.o)
                              main.o (strcmp)
../MiniDexed/circle-stdlib/install/aarch64-none-circle/lib/libc.a(lib_a-strlen.o)
                              main.o (strlen)
../MiniDexed/circle-stdlib/install/aarch64-none-circle/lib/libc.a(lib_a-svfprintf.o)
                              ../MiniDexed/circle-stdlib/install/aarch64-none-circle/lib/libc.a(lib_a-snprintf.o) (_svfprintf_r)
../MiniDexed/circle-stdlib/install/aarch64-none-circle/lib/libc.a(lib_a-__atexit.o)
                              ../MiniDexed/circle-stdlib/install/aarch64-none-circle/lib/libc.a(lib_a-cxa_atexit.o) (__register_exitproc)
../MiniDexed/circle-stdlib/install/aarch64-none-circle/lib/libc.a(lib_a-dtoa.o)
                              ../MiniDexed/circle-stdlib/install/aarch64-none-circle/lib/libc.a(lib_a-svfprintf.o) (_dtoa_r)
../MiniDexed/circle-stdlib/install/aarch64-none-circle/lib/libc.a(lib_a-impure.o)
                              ../MiniDexed/circle-stdlib/install/aarch64-none-circle/lib/libc.a(lib_a-snprintf.o) (_impure_ptr)
../MiniDexed/circle-stdlib/install/aarch64-none-circle/lib/libc.a(lib_a-localeconv.o)
                              ../MiniDexed/circle-stdlib/install/aarch64-none-circle/lib/libc.a(lib_a-svfprintf.o) (_localeconv_r)
../MiniDexed/circle-stdlib/install/aarch64-none-circle/lib/libc.a(lib_a-memchr.o)
                              ../MiniDexed/circle-stdlib/install/aarch64-none-circle/lib/libc.a(lib_a-svfprintf.o) (memchr)
../MiniDexed/circle-stdlib/install/aarch64-none-circle/lib/libc.a(lib_a-mprec.o)
                              ../MiniDexed/circle-stdlib/install/aarch64-none-circle/lib/libc.a(lib_a-dtoa.o) (_Balloc)
../MiniDexed/circle-stdlib/install/aarch64-none-circle/lib/libc.a(lib_a-svfiprintf.o)
                              ../MiniDexed/circle-stdlib/install/aarch64-none-circle/lib/libc.a(lib_a-svfprintf.o) (__ssprint_r)
../MiniDexed/circle-stdlib/install/aarch64-none-circle/lib/libc.a(lib_a-locale.o)
                              ../MiniDexed/circle-stdlib/install/aarch64-none-circle/lib/libc.a(lib_a-localeconv.o) (__global_locale)
../MiniDexed/circle-stdlib/install/aarch64-none-circle/lib/libc.a(lib_a-mbtowc_r.o)
                              ../MiniDexed/circle-stdlib/install/aarch64-none-circle/lib/libc.a(lib_a-locale.o) (__ascii_mbtowc)
../MiniDexed/circle-stdlib/install/aarch64-none-circle/lib/libc.a(lib_a-wctomb_r.o)
                              ../MiniDexed/circle-stdlib/install/aarch64-none-circle/lib/libc.a(lib_a-locale.o) (__ascii_wctomb)
../MiniDexed/circle-stdlib/install/aarch64-none-circle/lib/libc.a(lib_a-ctype_.o)
                              ../MiniDexed/circle-stdlib/install/aarch64-none-circle/lib/libc.a(lib_a-locale.o) (_ctype_)
../MiniDexed/circle-stdlib/install/aarch64-none-circle/lib/libcirclenewlib.a(io.o)
                              main.o (CGlueStdioInit(CConsole&))
../MiniDexed/circle-stdlib/install/aarch64-none-circle/lib/libcirclenewlib.a(mem.o)
                              ../MiniDexed/circle-stdlib/install/aarch64-none-circle/lib/libc.a(lib_a-svfprintf.o) (_malloc_r)
../MiniDexed/circle-stdlib/libs/circle/addon/display/libdisplay.a(hd44780device.o)
                              main.o (CHD44780Device::Initialize())
../MiniDexed/circle-stdlib/libs/circle/addon/display/libdisplay.a(st7789display.o)
                              main.o (CST7789Display::SetRotation(unsigned int))
../MiniDexed/circle-stdlib/libs/circle/addon/display/libdisplay.a(chardevice.o)
                              ../MiniDexed/circle-stdlib/libs/circle/addon/display/libdisplay.a(hd44780device.o) (CCharDevice::CCharDevice(unsigned int, unsigned int))
../MiniDexed/circle-stdlib/libs/circle/addon/display/libdisplay.a(ssd1306device.o)
                              main.o (CSSD1306Device::CSSD1306Device(unsigned int, unsigned int, CI2CMaster*, unsigned char, bool, bool))
../MiniDexed/circle-stdlib/libs/circle/addon/display/libdisplay.a(st7789device.o)
                              main.o (CST7789Device::CST7789Device(CSPIMaster*, CST7789Display*, unsigned int, unsigned int, TFont const&, bool, bool, bool))
../MiniDexed/circle-stdlib/libs/circle/addon/sensor/libsensor.a(ky040.o)
                              main.o (CKY040::Initialize())
../MiniDexed/circle-stdlib/libs/circle/addon/Properties/libproperties.a(properties.o)
                              main.o (CProperties::GetNumber(char const*, unsigned int) const)
../MiniDexed/circle-stdlib/libs/circle/addon/Properties/libproperties.a(propertiesfatfsfile.o)
                              main.o (CPropertiesFatFsFile::Load())
[...]
Memory Configuration

Name             Origin             Length             Attributes
*default*        0x0000000000000000 0xffffffffffffffff

Linker script and memory map

Address of section .init set to 0x80000

.init           0x0000000000080000      0x148
 *(.init)
 .init          0x0000000000080000      0x148 ../MiniDexed/circle-stdlib/libs/circle/lib/libcircle.a(startup64.o)
                0x0000000000080000                _start
                0x000000000008008c                _start_secondary

.text           0x0000000000080800    0x5f2a4
 *(.text*)
 .text          0x0000000000080800        0x0 /workspaces/MultiSynthBoot/gcc-arm-10.3-2021.07-x86_64-aarch64-none-elf/bin/../lib/gcc/aarch64-none-elf/10.3.1/crtbegin.o
 .text.deregister_tm_clones
                0x0000000000080800       0x30 /workspaces/MultiSynthBoot/gcc-arm-10.3-2021.07-x86_64-aarch64-none-elf/bin/../lib/gcc/aarch64-none-elf/10.3.1/crtbegin.o
 .text.register_tm_clones
                0x0000000000080830       0x3c /workspaces/MultiSynthBoot/gcc-arm-10.3-2021.07-x86_64-aarch64-none-elf/bin/../lib/gcc/aarch64-none-elf/10.3.1/crtbegin.o
 *fill*         0x000000000008086c        0x4 
 .text.__do_global_dtors_aux
                0x0000000000080870       0x48 /workspaces/MultiSynthBoot/gcc-arm-10.3-2021.07-x86_64-aarch64-none-elf/bin/../lib/gcc/aarch64-none-elf/10.3.1/crtbegin.o
 *fill*         0x00000000000808b8        0x8 
 .text.frame_dummy
                0x00000000000808c0       0x34 /workspaces/MultiSynthBoot/gcc-arm-10.3-2021.07-x86_64-aarch64-none-elf/bin/../lib/gcc/aarch64-none-elf/10.3.1/crtbegin.o
 *fill*         0x00000000000808f4        0xc 
 .text          0x0000000000080900     0x1a7c main.o
                0x0000000000080900                CMultiSynthLoader::DeviceRemovedHandler(CDevice*, void*)
                0x0000000000080d90                CMultiSynthLoader::USBMIDIMessageHandler(unsigned int, unsigned char*, unsigned int)
                0x0000000000080db0                CMultiSynthLoader::HandleEncoderEvent(CKY040::TEvent)
                0x0000000000080e40                CMultiSynthLoader::LCDinit()
                0x00000000000815f0                CMultiSynthLoader::LCDWrite(char const*)
                0x0000000000081640                CMultiSynthLoader::UpdateDisplay()
                0x0000000000081660                CMultiSynthLoader::CheckUSBMIDI()
                0x0000000000081740                CMultiSynthLoader::HandleMIDIPacket(unsigned char*, unsigned int)
                0x0000000000081750                CMultiSynthLoader::ProcessRawMIDIData(unsigned char*, int)
                0x0000000000081770                CMultiSynthLoader::Deinit()
                0x0000000000081870                start_synth
                0x00000000000818a0                CMultiSynthLoader::CMultiSynthLoader()
                0x00000000000818a0                CMultiSynthLoader::CMultiSynthLoader()
                0x0000000000081c00                CMultiSynthLoader::ProcessMIDIInput()
                0x0000000000081c50                CMultiSynthLoader::Run()
                0x0000000000081dd0                kernel_main()
                0x0000000000081de0                CMultiSynthLoader::Initialize()
 *fill*         0x000000000008237c        0x4 
 .text._ZN10CStdlibApp7CleanupEv
                0x0000000000082380        0x4 main.o
                0x0000000000082380                CStdlibApp::Cleanup()
 *fill*         0x0000000000082384        0xc 
 .text._ZN15CStdlibAppStdio7CleanupEv
                0x0000000000082390       0x18 main.o
                0x0000000000082390                CStdlibAppStdio::Cleanup()
 *fill*         0x00000000000823a8        0x8 
 .text._ZN10CStdlibApp10InitializeEv
                0x00000000000823b0        0x8 main.o
                0x00000000000823b0                CStdlibApp::Initialize()
 *fill*         0x00000000000823b8        0x8 
 .text._ZN16CStdlibAppScreen10InitializeEv
                0x00000000000823c0       0xb4 main.o
                0x00000000000823c0                CStdlibAppScreen::Initialize()
 *fill*         0x0000000000082474        0xc 
 .text._ZN17CMultiSynthLoader16EncoderEventStubEN6CKY0406TEventEPv
                0x0000000000082480       0x8c main.o
                0x0000000000082480                CMultiSynthLoader::EncoderEventStub(CKY040::TEvent, void*)
 *fill*         0x000000000008250c        0x4 
 .text._ZN15CStdlibAppStdio10InitializeEv
                0x0000000000082510      0x1b4 main.o
                0x0000000000082510                CStdlibAppStdio::Initialize()
 *fill*         0x00000000000826c4        0xc 
 .text._ZN15CStdlibAppStdioD2Ev
                0x00000000000826d0       0xb8 main.o
                0x00000000000826d0                CStdlibAppStdio::~CStdlibAppStdio()
                0x00000000000826d0                CStdlibAppStdio::~CStdlibAppStdio()
 *fill*         0x0000000000082788        0x8 
 .text._ZN15CStdlibAppStdioD0Ev
                0x0000000000082790       0xc4 main.o
                0x0000000000082790                CStdlibAppStdio::~CStdlibAppStdio()
 *fill*         0x0000000000082854        0xc 
 .text._ZN16CStdlibAppScreenC2EPKc
                0x0000000000082860      0x234 main.o
                0x0000000000082860                CStdlibAppScreen::CStdlibAppScreen(char const*)
                0x0000000000082860                CStdlibAppScreen::CStdlibAppScreen(char const*)
 *fill*         0x0000000000082a94        0xc 
 .text.startup  0x0000000000082aa0       0x3c main.o
 .text          0x0000000000082adc       0x30 ../MiniDexed/circle-stdlib/install/aarch64-none-circle/lib/libc.a(lib_a-cxa_atexit.o)
                0x0000000000082adc                __cxa_atexit
 .text          0x0000000000082b0c      0x2a8 ../MiniDexed/circle-stdlib/install/aarch64-none-circle/lib/libc.a(lib_a-snprintf.o)
                0x0000000000082b0c                _snprintf_r
                0x0000000000082c58                snprintf
 *fill*         0x0000000000082db4        0xc 
 .text          0x0000000000082dc0       0xe4 ../MiniDexed/circle-stdlib/install/aarch64-none-circle/lib/libc.a(lib_a-strcmp.o)
                0x0000000000082dc0                strcmp
 *fill*         0x0000000000082ea4       0x1c 
 .text          0x0000000000082ec0      0x140 ../MiniDexed/circle-stdlib/install/aarch64-none-circle/lib/libc.a(lib_a-strlen.o)
                0x0000000000082ec0                strlen
 .text          0x0000000000083000     0x2754 ../MiniDexed/circle-stdlib/install/aarch64-none-circle/lib/libc.a(lib_a-svfprintf.o)
                0x0000000000083000                _svfprintf_r
 .text          0x0000000000085754      0x164 ../MiniDexed/circle-stdlib/install/aarch64-none-circle/lib/libc.a(lib_a-__atexit.o)
                0x0000000000085754                __register_exitproc
 .text          0x00000000000858b8     0x1a80 ../MiniDexed/circle-stdlib/install/aarch64-none-circle/lib/libc.a(lib_a-dtoa.o)
                0x0000000000085c6c                _dtoa_r
 .text          0x0000000000087338        0x0 ../MiniDexed/circle-stdlib/install/aarch64-none-circle/lib/libc.a(lib_a-impure.o)
 .text          0x0000000000087338       0xa8 ../MiniDexed/circle-stdlib/install/aarch64-none-circle/lib/libc.a(lib_a-localeconv.o)
                0x000000000008736c                __localeconv_l
                0x00000000000873ac                _localeconv_r
                0x00000000000873c8                localeconv
 .text          0x00000000000873e0       0xd8 ../MiniDexed/circle-stdlib/install/aarch64-none-circle/lib/libc.a(lib_a-memchr.o)
                0x00000000000873e0                memchr
 .text          0x00000000000874b8     0x18b8 ../MiniDexed/circle-stdlib/install/aarch64-none-circle/lib/libc.a(lib_a-mprec.o)
                0x00000000000874b8                _Balloc
                0x00000000000875e0                _Bfree
                0x0000000000087650                __multadd
                0x00000000000877d8                __s2b
                0x0000000000087958                __hi0bits
                0x00000000000879e0                __lo0bits
                0x0000000000087ad0                __i2b
                0x0000000000087b14                __multiply
                0x0000000000087ed8                __pow5mult
                0x000000000008804c                __lshift
                0x0000000000088244                __mcmp
                0x0000000000088348                __mdiff
                0x00000000000885e4                __ulp
                0x0000000000088674                __b2d
                0x000000000008885c                __d2b
                0x0000000000088a60                __ratio
                0x0000000000088b1c                _mprec_log10
                0x0000000000088b80                __copybits
                0x0000000000088c44                __any_on
 .text          0x0000000000088d70     0x1764 ../MiniDexed/circle-stdlib/install/aarch64-none-circle/lib/libc.a(lib_a-svfiprintf.o)
                0x0000000000088d70                __ssprint_r
                0x0000000000089050                _svfiprintf_r
 .text          0x000000000008a4d4       0xe8 ../MiniDexed/circle-stdlib/install/aarch64-none-circle/lib/libc.a(lib_a-locale.o)
                0x000000000008a4f4                _setlocale_r
                0x000000000008a574                __locale_mb_cur_max
                0x000000000008a58c                setlocale
 .text          0x000000000008a5bc       0xf8 ../MiniDexed/circle-stdlib/install/aarch64-none-circle/lib/libc.a(lib_a-mbtowc_r.o)
                0x000000000008a5dc                _mbtowc_r
                0x000000000008a620                __ascii_mbtowc
 .text          0x000000000008a6b4       0xc8 ../MiniDexed/circle-stdlib/install/aarch64-none-circle/lib/libc.a(lib_a-wctomb_r.o)
                0x000000000008a6d4                _wctomb_r
                0x000000000008a710                __ascii_wctomb
 .text          0x000000000008a77c        0x0 ../MiniDexed/circle-stdlib/install/aarch64-none-circle/lib/libc.a(lib_a-ctype_.o)
 .text          0x000000000008a77c     0x1f94 ../MiniDexed/circle-stdlib/install/aarch64-none-circle/lib/libcirclenewlib.a(io.o)
                0x000000000008b6dc                CGlueStdioInit(CConsole&)
                0x000000000008b6fc                _open
                0x000000000008b7ec                _close
                0x000000000008b95c                _read
                0x000000000008ba18                _write
                0x000000000008bad4                _lseek
                0x000000000008bb90                _fstat
                0x000000000008bc44                ftruncate
                0x000000000008bcf8                fsync
                0x000000000008bd14                _isatty
                0x000000000008bd30                opendir
                0x000000000008c008                readdir
                0x000000000008c068                readdir_r
                0x000000000008c0d0                rewinddir
                0x000000000008c0f4                closedir
                0x000000000008c298                _fcntl
                0x000000000008c438                dup
                0x000000000008c45c                dup2
 .text._ZN18CUSBHostController8IsActiveEv
                0x000000000008c710       0x1c ../MiniDexed/circle-stdlib/install/aarch64-none-circle/lib/libcirclenewlib.a(io.o)
                0x000000000008c710                CUSBHostController::IsActive()
 .text._ZN10CScheduler8IsActiveEv
                0x000000000008c72c       0x1c ../MiniDexed/circle-stdlib/install/aarch64-none-circle/lib/libcirclenewlib.a(io.o)
                0x000000000008c72c                CScheduler::IsActive()
 .text._ZN11_CIRCLE_DIRC2Ev
                0x000000000008c748       0x44 ../MiniDexed/circle-stdlib/install/aarch64-none-circle/lib/libcirclenewlib.a(io.o)
                0x000000000008c748                _CIRCLE_DIR::_CIRCLE_DIR()
                0x000000000008c748                _CIRCLE_DIR::_CIRCLE_DIR()
 .text._Z25call_glueio_func_void_argIXadL_ZN12_GLOBAL__N_17CGlueIO5FSyncEvEEEii
                0x000000000008c78c       0x50 ../MiniDexed/circle-stdlib/install/aarch64-none-circle/lib/libcirclenewlib.a(io.o)
                0x000000000008c78c                int call_glueio_func_void_arg<&(anonymous namespace)::CGlueIO::FSync>(int)
 .text._Z25call_glueio_func_void_argIXadL_ZN12_GLOBAL__N_17CGlueIO6IsATtyEvEEEii
                0x000000000008c7dc       0x50 ../MiniDexed/circle-stdlib/install/aarch64-none-circle/lib/libcirclenewlib.a(io.o)
                0x000000000008c7dc                int call_glueio_func_void_arg<&(anonymous namespace)::CGlueIO::IsATty>(int)
 .text._Z38call_glueio_func_void_arg_valid_fildesIXadL_ZN12_GLOBAL__N_17CGlueIO5FSyncEvEEEii
                0x000000000008c82c       0x7c ../MiniDexed/circle-stdlib/install/aarch64-none-circle/lib/libcirclenewlib.a(io.o)
                0x000000000008c82c                int call_glueio_func_void_arg_valid_fildes<&(anonymous namespace)::CGlueIO::FSync>(int)
 .text._Z38call_glueio_func_void_arg_valid_fildesIXadL_ZN12_GLOBAL__N_17CGlueIO6IsATtyEvEEEii
                0x000000000008c8a8       0x7c ../MiniDexed/circle-stdlib/install/aarch64-none-circle/lib/libcirclenewlib.a(io.o)
                0x000000000008c8a8                int call_glueio_func_void_arg_valid_fildes<&(anonymous namespace)::CGlueIO::IsATty>(int)
 .text          0x000000000008c924       0x94 ../MiniDexed/circle-stdlib/install/aarch64-none-circle/lib/libcirclenewlib.a(mem.o)
                0x000000000008c924                _malloc_r
                0x000000000008c944                _free_r
                0x000000000008c968                _realloc_r
                0x000000000008c990                _calloc_r
 *fill*         0x000000000008c9b8        0x8 
 .text          0x000000000008c9c0      0x898 ../MiniDexed/circle-stdlib/libs/circle/addon/display/libdisplay.a(hd44780device.o)
                0x000000000008c9c0                CHD44780Device::DevUpdateDisplay()
                0x000000000008c9d0                CHD44780Device::WriteHalfByte(unsigned char, int)
                0x000000000008cb00                CHD44780Device::WriteByte(unsigned char, int)
                0x000000000008cb40                CHD44780Device::DefineCharFont(char, unsigned char const*)
                0x000000000008cbf0                CHD44780Device::DevClearCursor()
                0x000000000008cc30                CHD44780Device::DevSetCursorMode(bool)
                0x000000000008cc90                CHD44780Device::Initialize()
                0x000000000008cd10                CHD44780Device::GetDDRAMAddress(unsigned int, unsigned int)
                0x000000000008cdb0                CHD44780Device::DevSetChar(unsigned int, unsigned int, char)
                0x000000000008ce30                CHD44780Device::DevSetCursor(unsigned int, unsigned int)
                0x000000000008ce80                CHD44780Device::CHD44780Device(unsigned int, unsigned int, unsigned int, unsigned int, unsigned int, unsigned int, unsigned int, unsigned int, unsigned int, bool)
                0x000000000008ce80                CHD44780Device::CHD44780Device(unsigned int, unsigned int, unsigned int, unsigned int, unsigned int, unsigned int, unsigned int, unsigned int, unsigned int, bool)
                0x000000000008d080                CHD44780Device::CHD44780Device(CI2CMaster*, unsigned char, unsigned int, unsigned int, bool)
                0x000000000008d080                CHD44780Device::CHD44780Device(CI2CMaster*, unsigned char, unsigned int, unsigned int, bool)
                0x000000000008d1a0                CHD44780Device::~CHD44780Device()
                0x000000000008d1a0                CHD44780Device::~CHD44780Device()
                0x000000000008d230                CHD44780Device::~CHD44780Device()
 *fill*         0x000000000008d258        0x8 
 .text          0x000000000008d260     0x1234 ../MiniDexed/circle-stdlib/libs/circle/addon/display/libdisplay.a(st7789display.o)
                0x000000000008d260                CST7789Display::SetRotation(unsigned int)
                0x000000000008d290                CST7789Display::RotX(unsigned int, unsigned int)
                0x000000000008d2e0                CST7789Display::RotY(unsigned int, unsigned int)
                0x000000000008d330                CST7789Display::SendByte(unsigned char, bool)
                0x000000000008d3d0                CST7789Display::On()
                0x000000000008d3f0                CST7789Display::Off()
                0x000000000008d400                CST7789Display::SetWindow(unsigned int, unsigned int, unsigned int, unsigned int)
                0x000000000008d570                CST7789Display::SendData(void const*, unsigned long)
                0x000000000008d650                CST7789Display::Clear(unsigned short)
                0x000000000008d730                CST7789Display::Initialize()
                0x000000000008dc30                CST7789Display::SetPixel(unsigned int, unsigned int, unsigned short)
                0x000000000008dce0                CST7789Display::SetPixel(unsigned int, unsigned int, unsigned int)
                0x000000000008dcf0                CST7789Display::DrawText(unsigned int, unsigned int, char const*, unsigned short, unsigned short, bool, bool, TFont const&)
                0x000000000008dfd0                CST7789Display::SetArea(CDisplay::TArea const&, void const*, void (*)(void*), void*)
                0x000000000008e260                CST7789Display::CST7789Display(CSPIMaster*, unsigned int, unsigned int, unsigned int, unsigned int, unsigned int, unsigned int, unsigned int, unsigned int, unsigned int, bool)
                0x000000000008e260                CST7789Display::CST7789Display(CSPIMaster*, unsigned int, unsigned int, unsigned int, unsigned int, unsigned int, unsigned int, unsigned int, unsigned int, unsigned int, bool)
                0x000000000008e3f0                CST7789Display::~CST7789Display()
                0x000000000008e3f0                CST7789Display::~CST7789Display()
                0x000000000008e440                CST7789Display::~CST7789Display()
 *fill*         0x000000000008e494        0xc 
 .text._ZNK14CST7789Display8GetWidthEv
                0x000000000008e4a0        0x8 ../MiniDexed/circle-stdlib/libs/circle/addon/display/libdisplay.a(st7789display.o)
                0x000000000008e4a0                CST7789Display::GetWidth() const
 *fill*         0x000000000008e4a8        0x8 
 .text._ZNK14CST7789Display9GetHeightEv
                0x000000000008e4b0        0x8 ../MiniDexed/circle-stdlib/libs/circle/addon/display/libdisplay.a(st7789display.o)
                0x000000000008e4b0                CST7789Display::GetHeight() const
 *fill*         0x000000000008e4b8        0x8 
 .text._ZNK14CST7789Display8GetDepthEv
                0x000000000008e4c0        0x8 ../MiniDexed/circle-stdlib/libs/circle/addon/display/libdisplay.a(st7789display.o)
                0x000000000008e4c0                CST7789Display::GetDepth() const
 *fill*         0x000000000008e4c8        0x8 
 .text          0x000000000008e4d0      0xed4 ../MiniDexed/circle-stdlib/libs/circle/addon/display/libdisplay.a(chardevice.o)
                0x000000000008e560                CCharDevice::CCharDevice(unsigned int, unsigned int)
                0x000000000008e560                CCharDevice::CCharDevice(unsigned int, unsigned int)
                0x000000000008e620                CCharDevice::~CCharDevice()
                0x000000000008e620                CCharDevice::~CCharDevice()
                0x000000000008e660                CCharDevice::~CCharDevice()
                0x000000000008e6a0                CCharDevice::Initialize()
                0x000000000008e740                CCharDevice::GetColumns() const
                0x000000000008e750                CCharDevice::GetRows() const
                0x000000000008e760                CCharDevice::CarriageReturn()
                0x000000000008e770                CCharDevice::ClearDisplayEnd()
                0x000000000008e8e0                CCharDevice::ClearLineEnd()
                0x000000000008e970                CCharDevice::CursorHome()
                0x000000000008e980                CCharDevice::CursorLeft()
                0x000000000008e9c0                CCharDevice::CursorMove(unsigned int, unsigned int)
                0x000000000008e9f0                CCharDevice::CursorUp()
                0x000000000008ea10                CCharDevice::EraseChars(unsigned int)
                0x000000000008ea20                CCharDevice::SetAutoPageMode(bool)
                0x000000000008ea30                CCharDevice::SetCursorMode(bool)
                0x000000000008ea50                CCharDevice::Scroll()
                0x000000000008eb80                CCharDevice::CursorDown()
                0x000000000008ebe0                CCharDevice::NewLine()
                0x000000000008ec40                CCharDevice::CursorRight()
                0x000000000008ecb0                CCharDevice::Tabulator()
                0x000000000008ed30                CCharDevice::DisplayChar(char)
                0x000000000008ee10                CCharDevice::Write(char)
                0x000000000008f260                CCharDevice::Write(void const*, unsigned long)
                0x000000000008f330                CCharDevice::SetChar(unsigned int, unsigned int, char)
                0x000000000008f380                CCharDevice::SetCursor()
 *fill*         0x000000000008f3a4        0xc 
 .text          0x000000000008f3b0      0x790 ../MiniDexed/circle-stdlib/libs/circle/addon/display/libdisplay.a(ssd1306device.o)
                0x000000000008f3b0                CSSD1306Device::DevSetCursorMode(bool)
                0x000000000008f3c0                CSSD1306Device::DevSetCursor(unsigned int, unsigned int)
                0x000000000008f3d0                CSSD1306Device::~CSSD1306Device()
                0x000000000008f3d0                CSSD1306Device::~CSSD1306Device()
                0x000000000008f3e0                CSSD1306Device::~CSSD1306Device()
                0x000000000008f420                CSSD1306Device::DevUpdateDisplay()
                0x000000000008f490                CSSD1306Device::CSSD1306Device(unsigned int, unsigned int, CI2CMaster*, unsigned char, bool, bool)
                0x000000000008f490                CSSD1306Device::CSSD1306Device(unsigned int, unsigned int, CI2CMaster*, unsigned char, bool, bool)
                0x000000000008f530                CSSD1306Device::Initialize()
                0x000000000008f6b0                CSSD1306Device::WriteCommand(unsigned char) const
                0x000000000008f6f0                CSSD1306Device::WriteFrameBuffer(bool) const
                0x000000000008f790                CSSD1306Device::DevClearCursor()
                0x000000000008f7e0                CSSD1306Device::SwapFrameBuffers()
                0x000000000008f800                CSSD1306Device::DrawChar(char, unsigned char, unsigned char, bool, bool)
                0x000000000008f930                CSSD1306Device::DevSetChar(unsigned int, unsigned int, char)
                0x000000000008f950                CSSD1306Device::Flip()
                0x000000000008f990                CSSD1306Device::Print(char const*, unsigned char, unsigned char, bool, bool)
                0x000000000008faa0                CSSD1306Device::Clear(bool)
                0x000000000008fb00                CSSD1306Device::SetBacklightState(bool)
 .text          0x000000000008fb40      0x2f4 ../MiniDexed/circle-stdlib/libs/circle/addon/display/libdisplay.a(st7789device.o)
                0x000000000008fb40                CST7789Device::DevSetCursorMode(bool)
                0x000000000008fb50                CST7789Device::DevSetCursor(unsigned int, unsigned int)
                0x000000000008fb60                CST7789Device::DevUpdateDisplay()
                0x000000000008fb70                CST7789Device::~CST7789Device()
                0x000000000008fb70                CST7789Device::~CST7789Device()
                0x000000000008fb80                CST7789Device::~CST7789Device()
                0x000000000008fbc0                CST7789Device::DevClearCursor()
                0x000000000008fbd0                CST7789Device::DevSetChar(unsigned int, unsigned int, char)
                0x000000000008fc50                CST7789Device::CST7789Device(CSPIMaster*, CST7789Display*, unsigned int, unsigned int, TFont const&, bool, bool, bool)
                0x000000000008fc50                CST7789Device::CST7789Device(CSPIMaster*, CST7789Display*, unsigned int, unsigned int, TFont const&, bool, bool, bool)
                0x000000000008fcd0                CST7789Device::Initialize()
 *fill*         0x000000000008fe34        0xc 
 .text          0x000000000008fe40      0x74c ../MiniDexed/circle-stdlib/libs/circle/addon/sensor/libsensor.a(ky040.o)
                0x000000000008fe40                CKY040::EncoderInterruptHandler(void*)
                0x000000000008ff40                CKY040::SwitchInterruptHandler(void*)
                0x000000000008ffb0                CKY040::Initialize()
                0x00000000000900b0                CKY040::RegisterEventHandler(void (*)(CKY040::TEvent, void*), void*)
                0x0000000000090110                CKY040::GetHoldSeconds() const
                0x0000000000090120                CKY040::HandleSwitchEvent(CKY040::TSwitchEvent)
                0x00000000000901e0                CKY040::Update()
                0x00000000000902e0                CKY040::SwitchDebounceHandler(unsigned long, void*, void*)
                0x0000000000090390                CKY040::SwitchTickHandler(unsigned long, void*, void*)
                0x00000000000903f0                CKY040::CKY040(unsigned int, unsigned int, unsigned int, CGPIOManager*)
                0x00000000000903f0                CKY040::CKY040(unsigned int, unsigned int, unsigned int, CGPIOManager*)
                0x00000000000904c0                CKY040::~CKY040()
                0x00000000000904c0                CKY040::~CKY040()
 *fill*         0x000000000009058c        0x4 
 .text          0x0000000000090590      0xf40 ../MiniDexed/circle-stdlib/libs/circle/addon/Properties/libproperties.a(properties.o)
                0x0000000000090620                CProperties::CProperties()
                0x0000000000090620                CProperties::CProperties()
                0x0000000000090670                CProperties::IsSet(char const*) const
                0x00000000000906a0                CProperties::GetString(char const*, char const*) const
                0x00000000000906e0                CProperties::GetNumber(char const*, unsigned int) const
                0x0000000000090770                CProperties::GetSignedNumber(char const*, int) const
                0x0000000000090810                CProperties::GetIPAddress(char const*)
                0x0000000000090910                CProperties::GetFirst()
                0x00000000000909a0                CProperties::GetSectionName() const
                0x00000000000909b0                CProperties::GetName() const
                0x0000000000090a90                CProperties::GetValue() const
                0x0000000000090b70                CProperties::LookupSection(char const*) const
                0x0000000000090c20                CProperties::SelectSection(char const*)
                0x0000000000090c60                CProperties::GetNext()
                0x0000000000090d80                CProperties::Lookup(char const*) const
                0x0000000000090da0                CProperties::Dump(char const*) const
                0x0000000000090ef0                CProperties::RemoveAll()
                0x0000000000091020                CProperties::~CProperties()
                0x0000000000091020                CProperties::~CProperties()
                0x0000000000091050                CProperties::AddProperty(char const*, char const*)
                0x00000000000911f0                CProperties::SetString(char const*, char const*)
                0x00000000000912a0                CProperties::SetNumber(char const*, unsigned int, unsigned int)
                0x0000000000091370                CProperties::SetSignedNumber(char const*, int)
                0x0000000000091410                CProperties::SetIPAddress(char const*, unsigned char const*)
 .text          0x00000000000914d0      0x480 ../MiniDexed/circle-stdlib/libs/circle/addon/Properties/libproperties.a(propertiesfatfsfile.o)
                0x00000000000914d0                CPropertiesFatFsFile::Load()
                0x0000000000091640                CPropertiesFatFsFile::CPropertiesFatFsFile(char const*, FATFS*)
                0x0000000000091640                CPropertiesFatFsFile::CPropertiesFatFsFile(char const*, FATFS*)
                0x00000000000916a0                CPropertiesFatFsFile::~CPropertiesFatFsFile()
                0x00000000000916a0                CPropertiesFatFsFile::~CPropertiesFatFsFile()
                0x00000000000916e0                CPropertiesFatFsFile::Save()
                0x0000000000091910                CPropertiesFatFsFile::~CPropertiesFatFsFile()
 .text          0x0000000000091950      0x608 ../MiniDexed/circle-stdlib/libs/circle/addon/Properties/libproperties.a(propertiesbasefile.o)
                0x0000000000091950                CPropertiesBaseFile::CPropertiesBaseFile()
                0x0000000000091950                CPropertiesBaseFile::CPropertiesBaseFile()
                0x00000000000919a0                CPropertiesBaseFile::~CPropertiesBaseFile()
                0x00000000000919a0                CPropertiesBaseFile::~CPropertiesBaseFile()
                0x00000000000919b0                CPropertiesBaseFile::~CPropertiesBaseFile()
                0x00000000000919f0                CPropertiesBaseFile::GetErrorLine() const
                0x0000000000091a00                CPropertiesBaseFile::ResetErrorLine()
                0x0000000000091a10                CPropertiesBaseFile::Parse(char)
                0x0000000000091f10                CPropertiesBaseFile::IsValidNameChar(char)
 *fill*         0x0000000000091f58        0x8 
 .text          0x0000000000091f60     0x1488 ../MiniDexed/circle-stdlib/libs/circle/addon/SDCard/libsdcard.a(emmc.o)
                0x0000000000091f60                CEMMCDevice::Seek(unsigned long)
                0x0000000000091f70                CEMMCDevice::GetSize() const
                0x0000000000091f80                CEMMCDevice::GetCSDField(unsigned int, unsigned int) const
                0x0000000000091fe0                CEMMCDevice::usDelay(unsigned int)
                0x0000000000092010                CEMMCDevice::LogWrite(TLogSeverity, char const*, ...)
                0x00000000000920c0                CEMMCDevice::IssueCommandInt(unsigned int, unsigned int, int)
                0x0000000000092280                CEMMCDevice::IssueCommand(unsigned int, unsigned int, int)
                0x00000000000923b0                CEMMCDevice::DoDataCommand(int, unsigned char*, unsigned long, unsigned int)
                0x0000000000092540                CEMMCDevice::CardReset()
                0x0000000000092cb0                CEMMCDevice::CardInit()
                0x0000000000092d10                CEMMCDevice::EnsureDataMode()
                0x0000000000092ea0                CEMMCDevice::DoRead(unsigned char*, unsigned long, unsigned int)
                0x0000000000092f00                CEMMCDevice::DoWrite(unsigned char*, unsigned long, unsigned int)
                0x0000000000092f60                CEMMCDevice::Read(void*, unsigned long)
                0x0000000000093040                CEMMCDevice::Write(void const*, unsigned long)
                0x0000000000093120                CEMMCDevice::GetID()
                0x0000000000093130                CEMMCDevice::CEMMCDevice(CInterruptSystem*, CTimer*, CActLED*)
                0x0000000000093130                CEMMCDevice::CEMMCDevice(CInterruptSystem*, CTimer*, CActLED*)
                0x0000000000093220                CEMMCDevice::~CEMMCDevice()
                0x0000000000093220                CEMMCDevice::~CEMMCDevice()
                0x00000000000932a0                CEMMCDevice::~CEMMCDevice()
                0x00000000000932d0                CEMMCDevice::Initialize()
 *fill*         0x00000000000933e8        0x8 
 .text          0x00000000000933f0      0x424 ../MiniDexed/circle-stdlib/libs/circle/addon/SDCard/libsdcard.a(mmchost.o)
                0x00000000000933f0                CMMCHost::CMMCHost()
                0x00000000000933f0                CMMCHost::CMMCHost()
                0x0000000000093420                CMMCHost::~CMMCHost()
                0x0000000000093420                CMMCHost::~CMMCHost()
                0x0000000000093430                CMMCHost::~CMMCHost()
                0x0000000000093440                CMMCHost::SetClock(unsigned int)
                0x0000000000093460                CMMCHost::SetBusWidth(unsigned int)
                0x00000000000934b0                CMMCHost::RequestSync(mmc_request*)
                0x0000000000093510                CMMCHost::PrepareRequest(mmc_request*)
                0x00000000000935c0                CMMCHost::Command(mmc_command*, unsigned int)
                0x00000000000936e0                mmc_request_done(mmc_host*, mmc_request*)
                0x0000000000093720                CMMCHost::sg_miter_start(sg_mapping_iter*, void*, unsigned int, unsigned int)
                0x0000000000093790                CMMCHost::sg_miter_next(sg_mapping_iter*)
                0x0000000000093810                CMMCHost::sg_miter_stop(sg_mapping_iter*)
 *fill*         0x0000000000093814        0xc 
 .text          0x0000000000093820     0x27e0 ../MiniDexed/circle-stdlib/libs/circle/addon/SDCard/libsdcard.a(sdhost.o)
                0x00000000000938c0                CSDHOSTDevice::~CSDHOSTDevice()
                0x00000000000938c0                CSDHOSTDevice::~CSDHOSTDevice()
                0x0000000000093970                CSDHOSTDevice::~CSDHOSTDevice()
                0x00000000000939a0                CSDHOSTDevice::CSDHOSTDevice(CInterruptSystem*, CTimer*)
                0x00000000000939a0                CSDHOSTDevice::CSDHOSTDevice(CInterruptSystem*, CTimer*)
                0x0000000000093b80                CSDHOSTDevice::set_sdhost_clock(unsigned int*)
                0x0000000000093c10                CSDHOSTDevice::dumpcmd(mmc_command*, char const*)
                0x0000000000093c20                CSDHOSTDevice::dumpregs()
                0x0000000000093f10                CSDHOSTDevice::set_power(bool)
                0x0000000000093f30                CSDHOSTDevice::reset_internal()
                0x0000000000094030                CSDHOSTDevice::Reset()
                0x0000000000094070                CSDHOSTDevice::reset(mmc_host*)
                0x00000000000940b0                CSDHOSTDevice::wait_transfer_complete()
                0x00000000000941b0                CSDHOSTDevice::read_block_pio()
                0x0000000000094400                CSDHOSTDevice::write_block_pio()
                0x0000000000094650                CSDHOSTDevice::transfer_pio()
                0x0000000000094780                CSDHOSTDevice::set_transfer_irqs()
                0x00000000000947b0                CSDHOSTDevice::prepare_data(mmc_command*)
                0x0000000000094920                CSDHOSTDevice::set_clock(unsigned int)
                0x0000000000094bd0                CSDHOSTDevice::set_ios(mmc_host*, mmc_ios*)
                0x0000000000094cd0                CSDHOSTDevice::SetIOS(mmc_ios*)
                0x0000000000094d00                CSDHOSTDevice::init(int)
                0x0000000000094d60                CSDHOSTDevice::tasklet_finish()
                0x0000000000094ec0                CSDHOSTDevice::send_command(mmc_command*)
                0x0000000000095120                CSDHOSTDevice::finish_command()
                0x0000000000095530                CSDHOSTDevice::transfer_complete()
                0x0000000000095630                CSDHOSTDevice::finish_data()
                0x00000000000956d0                CSDHOSTDevice::data_irq(unsigned int)
                0x00000000000957b0                CSDHOSTDevice::block_irq(unsigned int)
                0x00000000000958a0                CSDHOSTDevice::busy_irq(unsigned int)
                0x00000000000959f0                CSDHOSTDevice::irq_handler()
                0x0000000000095aa0                CSDHOSTDevice::irq_stub(void*)
                0x0000000000095ad0                CSDHOSTDevice::request(mmc_host*, mmc_request*)
                0x0000000000095d50                CSDHOSTDevice::Request(mmc_request*)
                0x0000000000095d80                CSDHOSTDevice::add_host()
                0x0000000000095e80                CSDHOSTDevice::probe()
                0x0000000000095fb0                CSDHOSTDevice::Initialize()
                0x0000000000095fd0                CSDHOSTDevice::remove()
 .text          0x0000000000096000      0x66c ../MiniDexed/circle-stdlib/libs/circle/lib/usb/libusb.a(usbhostcontroller.o)
                0x0000000000096000                CUSBHostController::UpdatePlugAndPlay()
                0x0000000000096130                CUSBHostController::CUSBHostController(bool)
                0x0000000000096130                CUSBHostController::CUSBHostController(bool)
                0x00000000000961a0                CUSBHostController::~CUSBHostController()
                0x00000000000961a0                CUSBHostController::~CUSBHostController()
                0x00000000000961e0                CUSBHostController::~CUSBHostController()
                0x0000000000096230                CUSBHostController::ControlMessage(CUSBEndpoint*, unsigned char, unsigned char, unsigned short, unsigned short, void*, unsigned short)
                0x0000000000096360                CUSBHostController::GetDescriptor(CUSBEndpoint*, unsigned char, unsigned char, void*, unsigned int, unsigned char, unsigned short)
                0x0000000000096390                CUSBHostController::SetAddress(CUSBEndpoint*, unsigned char)
                0x00000000000963e0                CUSBHostController::SetConfiguration(CUSBEndpoint*, unsigned char)
                0x0000000000096430                CUSBHostController::Transfer(CUSBEndpoint*, void*, unsigned int, unsigned int)
                0x00000000000964b0                CUSBHostController::IsPlugAndPlay() const
                0x00000000000964c0                CUSBHostController::PortStatusChanged(CUSBHCIRootPort*)
                0x0000000000096580                CUSBHostController::PortStatusChanged(CUSBStandardHub*)
                0x0000000000096640                CUSBHostController::Get()
 *fill*         0x000000000009666c        0x4 
 .text._ZN18CUSBHostController24CancelDeviceTransactionsEP10CUSBDevice
                0x0000000000096670        0x4 ../MiniDexed/circle-stdlib/libs/circle/lib/usb/libusb.a(usbhostcontroller.o)
                0x0000000000096670                CUSBHostController::CancelDeviceTransactions(CUSBDevice*)
 *fill*         0x0000000000096674        0xc 
 .text          0x0000000000096680      0x7f8 ../MiniDexed/circle-stdlib/libs/circle/lib/usb/libusb.a(usbmidi.o)
                0x0000000000096680                CUSBMIDIDevice::~CUSBMIDIDevice()
                0x0000000000096680                CUSBMIDIDevice::~CUSBMIDIDevice()
                0x0000000000096710                CUSBMIDIDevice::~CUSBMIDIDevice()
                0x0000000000096770                CUSBMIDIDevice::CUSBMIDIDevice()
                0x0000000000096770                CUSBMIDIDevice::CUSBMIDIDevice()
                0x0000000000096800                CUSBMIDIDevice::RegisterPacketHandler(void (*)(unsigned int, unsigned char*, unsigned int))
                0x0000000000096860                CUSBMIDIDevice::RegisterPacketHandler(void (*)(unsigned int, unsigned char*, unsigned int, unsigned int, void*), void*)
                0x00000000000968c0                CUSBMIDIDevice::SendEventPackets(unsigned char const*, unsigned int)
                0x00000000000968f0                CUSBMIDIDevice::SendPlainMIDI(unsigned int, unsigned char const*, unsigned int)
                0x0000000000096d10                CUSBMIDIDevice::SetAllSoundOffOnUSBError(bool)
                0x0000000000096d20                CUSBMIDIDevice::CallPacketHandler(unsigned char*, unsigned int)
                0x0000000000096e10                CUSBMIDIDevice::RegisterSendEventsHandler(bool (*)(unsigned char const*, unsigned int, void*), void*)
                0x0000000000096e70                CUSBMIDIDevice::GetAllSoundOffOnUSBError() const
 *fill*         0x0000000000096e78        0x8 
 .text.startup  0x0000000000096e80       0x44 ../MiniDexed/circle-stdlib/libs/circle/lib/usb/libusb.a(usbmidi.o)
 *fill*         0x0000000000096ec4        0xc 
 .text          0x0000000000096ed0      0x534 ../MiniDexed/circle-stdlib/libs/circle/lib/usb/libusb.a(usbrequest.o)
                0x0000000000096ed0                CUSBRequest::CUSBRequest(CUSBEndpoint*, void*, unsigned int, TSetupData*)
                0x0000000000096ed0                CUSBRequest::CUSBRequest(CUSBEndpoint*, void*, unsigned int, TSetupData*)
                0x0000000000096f40                CUSBRequest::~CUSBRequest()
                0x0000000000096f40                CUSBRequest::~CUSBRequest()
                0x0000000000096f50                CUSBRequest::GetEndpoint() const
                0x0000000000096f80                CUSBRequest::SetStatus(int)
                0x0000000000096f90                CUSBRequest::SetResultLen(unsigned int)
                0x0000000000096fa0                CUSBRequest::SetUSBError(TUSBError)
                0x0000000000096fb0                CUSBRequest::GetStatus() const
                0x0000000000096fc0                CUSBRequest::GetResultLength() const
                0x0000000000096ff0                CUSBRequest::GetUSBError() const
                0x0000000000097020                CUSBRequest::GetSetupData()
                0x0000000000097080                CUSBRequest::GetBuffer()
                0x00000000000970c0                CUSBRequest::GetBufLen() const
                0x00000000000970d0                CUSBRequest::AddIsoPacket(unsigned short)
                0x0000000000097150                CUSBRequest::GetNumIsoPackets() const
                0x0000000000097180                CUSBRequest::GetIsoPacketSize(unsigned int) const
                0x00000000000971c0                CUSBRequest::SetCompletionRoutine(void (*)(CUSBRequest*, void*, void*), void*, void*)
                0x00000000000971f0                CUSBRequest::CallCompletionRoutine()
                0x0000000000097220                CUSBRequest::SetCompleteOnNAK()
                0x0000000000097230                CUSBRequest::IsCompleteOnNAK() const
                0x0000000000097240                CUSBRequest::operator new(unsigned long)
                0x0000000000097290                CUSBRequest::operator delete(void*, unsigned long)
                0x00000000000972f0                CUSBRequest::InitAllocator(unsigned int)
                0x0000000000097370                CUSBRequest::InitProtectedAllocator(unsigned int, unsigned int)
 *fill*         0x0000000000097404        0xc 
 .text          0x0000000000097410     0x11d8 ../MiniDexed/circle-stdlib/libs/circle/lib/usb/libusb.a(usbstandardhub.o)
                0x0000000000097410                CUSBStandardHub::~CUSBStandardHub()
                0x0000000000097410                CUSBStandardHub::~CUSBStandardHub()
                0x0000000000097510                CUSBStandardHub::~CUSBStandardHub()
                0x0000000000097540                CUSBStandardHub::CUSBStandardHub(CUSBFunction*)
                0x0000000000097540                CUSBStandardHub::CUSBStandardHub(CUSBFunction*)
                0x0000000000097590                CUSBStandardHub::DisablePort(unsigned int)
                0x0000000000097660                CUSBStandardHub::RemoveDeviceAt(unsigned int)
                0x00000000000976c0                CUSBStandardHub::StartStatusChangeRequest()
                0x00000000000977b0                CUSBStandardHub::CompletionRoutine(CUSBRequest*)
                0x0000000000097880                CUSBStandardHub::CompletionStub(CUSBRequest*, void*, void*)
                0x00000000000978b0                CUSBStandardHub::Initialize()
                0x00000000000979e0                CUSBStandardHub::EnumeratePorts()
                0x0000000000098090                CUSBStandardHub::ReScanDevices()
                0x00000000000980a0                CUSBStandardHub::Configure()
                0x0000000000098250                CUSBStandardHub::HandlePortStatusChange()
 *fill*         0x00000000000985e8        0x8 
 .text.startup  0x00000000000985f0       0x44 ../MiniDexed/circle-stdlib/libs/circle/lib/usb/libusb.a(usbstandardhub.o)
 *fill*         0x0000000000098634        0xc 
 .text          0x0000000000098640     0x3280 ../MiniDexed/circle-stdlib/libs/circle/lib/usb/libusb.a(dwhcidevice.o)
                0x0000000000098640                CDWHCIDevice::CancelDeviceTransactions(CUSBDevice*)
                0x0000000000098650                CDWHCIDevice::CompletionRoutine(CUSBRequest*, void*, void*)
                0x00000000000986a0                CDWHCIDevice::DeviceConnected()
                0x0000000000098700                CDWHCIDevice::GetPortSpeed()
                0x0000000000098770                CDWHCIDevice::OvercurrentDetected()
                0x00000000000987d0                CDWHCIDevice::DisableRootPort(bool)
                0x0000000000098860                CDWHCIDevice::PowerOn()
                0x00000000000988e0                CDWHCIDevice::Reset()
                0x00000000000989e0                CDWHCIDevice::InitCore()
                0x0000000000098cb0                CDWHCIDevice::EnableGlobalInterrupts()
                0x0000000000098d10                CDWHCIDevice::EnableCommonInterrupts()
                0x0000000000098d70                CDWHCIDevice::EnableHostInterrupts()
                0x0000000000098e40                CDWHCIDevice::EnableChannelInterrupt(unsigned int)
                0x0000000000098ec0                CDWHCIDevice::DisableChannelInterrupt(unsigned int)
                0x0000000000098f40                CDWHCIDevice::FlushTxFIFO(unsigned int)
                0x0000000000099020                CDWHCIDevice::FlushRxFIFO()
                0x00000000000990e0                CDWHCIDevice::InitHost()
                0x0000000000099360                CDWHCIDevice::QueueTransaction(CDWHCITransferStageData*)
                0x0000000000099430                CDWHCIDevice::TransferStageAsync(CUSBRequest*, bool, bool, unsigned int)
                0x0000000000099520                CDWHCIDevice::SubmitAsyncRequest(CUSBRequest*, unsigned int)
                0x00000000000995f0                CDWHCIDevice::QueueDelayedTransaction(CDWHCITransferStageData*)
                0x00000000000997a0                CDWHCIDevice::StartChannel(CDWHCITransferStageData*)
                0x0000000000099c20                CDWHCIDevice::StartTransaction(CDWHCITransferStageData*)
                0x0000000000099d70                CDWHCIDevice::SOFInterruptHandler()
                0x0000000000099ee0                CDWHCIDevice::AllocateChannel()
                0x0000000000099f90                CDWHCIDevice::FreeChannel(unsigned int)
                0x000000000009a020                CDWHCIDevice::ChannelInterruptHandler(unsigned int)
                0x000000000009a6a0                CDWHCIDevice::InterruptHandler()
                0x000000000009a8a0                CDWHCIDevice::InterruptStub(void*)
                0x000000000009a8d0                CDWHCIDevice::AllocateWaitBlock()
                0x000000000009a960                CDWHCIDevice::FreeWaitBlock(unsigned int)
                0x000000000009a9f0                CDWHCIDevice::TransferStage(CUSBRequest*, bool, bool, unsigned int)
                0x000000000009ab80                CDWHCIDevice::SubmitBlockingRequest(CUSBRequest*, unsigned int)
                0x000000000009adb0                CDWHCIDevice::WaitForBit(CDWHCIRegister*, unsigned int, bool, unsigned int)
                0x000000000009aea0                CDWHCIDevice::EnableRootPort()
                0x000000000009b000                CDWHCIDevice::LogTransactionFailed(unsigned int)
                0x000000000009b060                CDWHCIDevice::DumpRegister(char const*, unsigned int)
                0x000000000009b0e0                CDWHCIDevice::DumpStatus(unsigned int)
                0x000000000009b2b0                CDWHCIDevice::CDWHCIDevice(CInterruptSystem*, CTimer*, bool)
                0x000000000009b2b0                CDWHCIDevice::CDWHCIDevice(CInterruptSystem*, CTimer*, bool)
                0x000000000009b440                CDWHCIDevice::~CDWHCIDevice()
                0x000000000009b440                CDWHCIDevice::~CDWHCIDevice()
                0x000000000009b530                CDWHCIDevice::~CDWHCIDevice()
                0x000000000009b560                CDWHCIDevice::ReScanDevices()
                0x000000000009b610                CDWHCIDevice::Initialize(bool)
 .text          0x000000000009b8c0      0x500 ../MiniDexed/circle-stdlib/libs/circle/lib/usb/libusb.a(dwhciframeschednper.o)
                0x000000000009b8c0                CDWHCIFrameSchedulerNonPeriodic::~CDWHCIFrameSchedulerNonPeriodic()
                0x000000000009b8c0                CDWHCIFrameSchedulerNonPeriodic::~CDWHCIFrameSchedulerNonPeriodic()
                0x000000000009b8d0                CDWHCIFrameSchedulerNonPeriodic::StartSplit()
                0x000000000009b8f0                CDWHCIFrameSchedulerNonPeriodic::IsOddFrame() const
                0x000000000009b900                CDWHCIFrameSchedulerNonPeriodic::PeriodicDelay(unsigned short)
                0x000000000009b920                CDWHCIFrameSchedulerNonPeriodic::TransactionComplete(unsigned int)
                0x000000000009ba30                CDWHCIFrameSchedulerNonPeriodic::GetFrameNumber()
                0x000000000009bad0                CDWHCIFrameSchedulerNonPeriodic::CompleteSplit()
                0x000000000009bb50                CDWHCIFrameSchedulerNonPeriodic::~CDWHCIFrameSchedulerNonPeriodic()
                0x000000000009bb90                CDWHCIFrameSchedulerNonPeriodic::CDWHCIFrameSchedulerNonPeriodic()
                0x000000000009bb90                CDWHCIFrameSchedulerNonPeriodic::CDWHCIFrameSchedulerNonPeriodic()
                0x000000000009bbf0                CDWHCIFrameSchedulerNonPeriodic::operator new(unsigned long)
                0x000000000009bc50                CDWHCIFrameSchedulerNonPeriodic::operator delete(void*, unsigned long)
                0x000000000009bcb0                CDWHCIFrameSchedulerNonPeriodic::InitAllocator(unsigned int)
                0x000000000009bd30                CDWHCIFrameSchedulerNonPeriodic::InitProtectedAllocator(unsigned int, unsigned int)
 .text          0x000000000009bdc0      0x390 ../MiniDexed/circle-stdlib/libs/circle/lib/usb/libusb.a(dwhciframeschednsplit.o)
                0x000000000009bdc0                CDWHCIFrameSchedulerNoSplit::~CDWHCIFrameSchedulerNoSplit()
                0x000000000009bdc0                CDWHCIFrameSchedulerNoSplit::~CDWHCIFrameSchedulerNoSplit()
                0x000000000009bdd0                CDWHCIFrameSchedulerNoSplit::StartSplit()
                0x000000000009bdf0                CDWHCIFrameSchedulerNoSplit::CompleteSplit()
                0x000000000009be10                CDWHCIFrameSchedulerNoSplit::TransactionComplete(unsigned int)
                0x000000000009be30                CDWHCIFrameSchedulerNoSplit::PeriodicDelay(unsigned short)
                0x000000000009be50                CDWHCIFrameSchedulerNoSplit::GetFrameNumber()
                0x000000000009bec0                CDWHCIFrameSchedulerNoSplit::IsOddFrame() const
                0x000000000009bf20                CDWHCIFrameSchedulerNoSplit::~CDWHCIFrameSchedulerNoSplit()
                0x000000000009bf60                CDWHCIFrameSchedulerNoSplit::CDWHCIFrameSchedulerNoSplit(bool)
                0x000000000009bf60                CDWHCIFrameSchedulerNoSplit::CDWHCIFrameSchedulerNoSplit(bool)
                0x000000000009bf80                CDWHCIFrameSchedulerNoSplit::operator new(unsigned long)
                0x000000000009bfe0                CDWHCIFrameSchedulerNoSplit::operator delete(void*, unsigned long)
                0x000000000009c040                CDWHCIFrameSchedulerNoSplit::InitAllocator(unsigned int)
                0x000000000009c0c0                CDWHCIFrameSchedulerNoSplit::InitProtectedAllocator(unsigned int, unsigned int)
 .text          0x000000000009c150      0x5a0 ../MiniDexed/circle-stdlib/libs/circle/lib/usb/libusb.a(dwhciframeschedper.o)
                0x000000000009c150                CDWHCIFrameSchedulerPeriodic::~CDWHCIFrameSchedulerPeriodic()
                0x000000000009c150                CDWHCIFrameSchedulerPeriodic::~CDWHCIFrameSchedulerPeriodic()
                0x000000000009c160                CDWHCIFrameSchedulerPeriodic::StartSplit()
                0x000000000009c180                CDWHCIFrameSchedulerPeriodic::PeriodicDelay(unsigned short)
                0x000000000009c1a0                CDWHCIFrameSchedulerPeriodic::TransactionComplete(unsigned int)
                0x000000000009c2b0                CDWHCIFrameSchedulerPeriodic::GetFrameNumber()
                0x000000000009c370                CDWHCIFrameSchedulerPeriodic::IsOddFrame() const
                0x000000000009c3d0                CDWHCIFrameSchedulerPeriodic::CompleteSplit()
                0x000000000009c480                CDWHCIFrameSchedulerPeriodic::~CDWHCIFrameSchedulerPeriodic()
                0x000000000009c4c0                CDWHCIFrameSchedulerPeriodic::CDWHCIFrameSchedulerPeriodic()
                0x000000000009c4c0                CDWHCIFrameSchedulerPeriodic::CDWHCIFrameSchedulerPeriodic()
                0x000000000009c520                CDWHCIFrameSchedulerPeriodic::operator new(unsigned long)
                0x000000000009c580                CDWHCIFrameSchedulerPeriodic::operator delete(void*, unsigned long)
                0x000000000009c5e0                CDWHCIFrameSchedulerPeriodic::InitAllocator(unsigned int)
                0x000000000009c660                CDWHCIFrameSchedulerPeriodic::InitProtectedAllocator(unsigned int, unsigned int)
 .text          0x000000000009c6f0      0x3a8 ../MiniDexed/circle-stdlib/libs/circle/lib/usb/libusb.a(dwhcirootport.o)
                0x000000000009c6f0                CDWHCIRootPort::~CDWHCIRootPort()
                0x000000000009c6f0                CDWHCIRootPort::~CDWHCIRootPort()
                0x000000000009c720                CDWHCIRootPort::RemoveDevice()
                0x000000000009c780                CDWHCIRootPort::ReScanDevices()
                0x000000000009c7c0                CDWHCIRootPort::HandlePortStatusChange()
                0x000000000009c840                CDWHCIRootPort::~CDWHCIRootPort()
                0x000000000009c890                CDWHCIRootPort::CDWHCIRootPort(CDWHCIDevice*)
                0x000000000009c890                CDWHCIRootPort::CDWHCIRootPort(CDWHCIDevice*)
                0x000000000009c8d0                CDWHCIRootPort::Initialize()
 *fill*         0x000000000009ca98        0x8 
 .text          0x000000000009caa0      0x848 ../MiniDexed/circle-stdlib/libs/circle/lib/usb/libusb.a(dwhcixactqueue.o)
                0x000000000009caa0                TQueueEntry::operator new(unsigned long)
                0x000000000009caf0                TQueueEntry::operator delete(void*, unsigned long)
                0x000000000009cb50                TQueueEntry::InitAllocator(unsigned int)
                0x000000000009cbd0                TQueueEntry::InitProtectedAllocator(unsigned int, unsigned int)
                0x000000000009cc70                CDWHCITransactionQueue::CDWHCITransactionQueue(unsigned int, unsigned int)
                0x000000000009cc70                CDWHCITransactionQueue::CDWHCITransactionQueue(unsigned int, unsigned int)
                0x000000000009cce0                CDWHCITransactionQueue::Flush()
                0x000000000009ce20                CDWHCITransactionQueue::~CDWHCITransactionQueue()
                0x000000000009ce20                CDWHCITransactionQueue::~CDWHCITransactionQueue()
                0x000000000009ce50                CDWHCITransactionQueue::FlushDevice(CUSBDevice*)
                0x000000000009d000                CDWHCITransactionQueue::Enqueue(CDWHCITransferStageData*, unsigned short)
                0x000000000009d1a0                CDWHCITransactionQueue::Dequeue(unsigned short)
 *fill*         0x000000000009d2e8        0x8 
 .text          0x000000000009d2f0      0xef4 ../MiniDexed/circle-stdlib/libs/circle/lib/usb/libusb.a(dwhcixferstagedata.o)
                0x000000000009d2f0                CDWHCITransferStageData::CDWHCITransferStageData(unsigned int, CUSBRequest*, bool, bool, unsigned int)
                0x000000000009d2f0                CDWHCITransferStageData::CDWHCITransferStageData(unsigned int, CUSBRequest*, bool, bool, unsigned int)
                0x000000000009d760                CDWHCITransferStageData::~CDWHCITransferStageData()
                0x000000000009d760                CDWHCITransferStageData::~CDWHCITransferStageData()
                0x000000000009d780                CDWHCITransferStageData::SetChannelNumber(unsigned int)
                0x000000000009d790                CDWHCITransferStageData::TransactionComplete(unsigned int, unsigned int, unsigned int)
                0x000000000009da40                CDWHCITransferStageData::SetSplitComplete(bool)
                0x000000000009da70                CDWHCITransferStageData::SetState(unsigned int)
                0x000000000009da80                CDWHCITransferStageData::GetState() const
                0x000000000009da90                CDWHCITransferStageData::SetSubState(unsigned int)
                0x000000000009daa0                CDWHCITransferStageData::GetSubState() const
                0x000000000009dab0                CDWHCITransferStageData::GetChannelNumber() const
                0x000000000009dac0                CDWHCITransferStageData::IsPeriodic() const
                0x000000000009db00                CDWHCITransferStageData::IsIsochronous() const
                0x000000000009db40                CDWHCITransferStageData::GetDeviceAddress() const
                0x000000000009db70                CDWHCITransferStageData::GetEndpointType() const
                0x000000000009dbd0                CDWHCITransferStageData::GetEndpointNumber() const
                0x000000000009dc00                CDWHCITransferStageData::GetMaxPacketSize() const
                0x000000000009dc10                CDWHCITransferStageData::GetSpeed() const
                0x000000000009dc20                CDWHCITransferStageData::GetPID() const
                0x000000000009dc80                CDWHCITransferStageData::IsDirectionIn() const
                0x000000000009dc90                CDWHCITransferStageData::IsStatusStage() const
                0x000000000009dca0                CDWHCITransferStageData::GetDMAAddress() const
                0x000000000009dcd0                CDWHCITransferStageData::GetBytesToTransfer() const
                0x000000000009dce0                CDWHCITransferStageData::GetPacketsToTransfer() const
                0x000000000009dcf0                CDWHCITransferStageData::IsSplit() const
                0x000000000009dd00                CDWHCITransferStageData::IsSplitComplete() const
                0x000000000009dd30                CDWHCITransferStageData::GetHubAddress() const
                0x000000000009dd80                CDWHCITransferStageData::GetHubPortAddress() const
                0x000000000009ddd0                CDWHCITransferStageData::GetSplitPosition() const
                0x000000000009de50                CDWHCITransferStageData::GetStatusMask() const
                0x000000000009deb0                CDWHCITransferStageData::GetTransactionStatus() const
                0x000000000009dee0                CDWHCITransferStageData::GetUSBError() const
                0x000000000009df20                CDWHCITransferStageData::IsStageComplete() const
                0x000000000009df30                CDWHCITransferStageData::GetResultLen() const
                0x000000000009df50                CDWHCITransferStageData::IsTimeout() const
                0x000000000009dfa0                CDWHCITransferStageData::IsRetryOK() const
                0x000000000009dfb0                CDWHCITransferStageData::GetURB() const
                0x000000000009dfe0                CDWHCITransferStageData::GetDevice() const
                0x000000000009e010                CDWHCITransferStageData::GetFrameScheduler() const
                0x000000000009e020                CDWHCITransferStageData::operator new(unsigned long)
                0x000000000009e070                CDWHCITransferStageData::operator delete(void*, unsigned long)
                0x000000000009e0d0                CDWHCITransferStageData::InitAllocator(unsigned int)
                0x000000000009e150                CDWHCITransferStageData::InitProtectedAllocator(unsigned int, unsigned int)
 *fill*         0x000000000009e1e4        0xc 
 .text          0x000000000009e1f0      0x650 ../MiniDexed/circle-stdlib/libs/circle/lib/usb/libusb.a(dwhciframeschediso.o)
                0x000000000009e1f0                CDWHCIFrameSchedulerIsochronous::~CDWHCIFrameSchedulerIsochronous()
                0x000000000009e1f0                CDWHCIFrameSchedulerIsochronous::~CDWHCIFrameSchedulerIsochronous()
                0x000000000009e200                CDWHCIFrameSchedulerIsochronous::CompleteSplit()
                0x000000000009e2e0                CDWHCIFrameSchedulerIsochronous::TransactionComplete(unsigned int)
                0x000000000009e3c0                CDWHCIFrameSchedulerIsochronous::GetFrameNumber()
                0x000000000009e470                CDWHCIFrameSchedulerIsochronous::IsOddFrame() const
                0x000000000009e4d0                CDWHCIFrameSchedulerIsochronous::StartSplit()
                0x000000000009e5b0                CDWHCIFrameSchedulerIsochronous::PeriodicDelay(unsigned short)
                0x000000000009e600                CDWHCIFrameSchedulerIsochronous::~CDWHCIFrameSchedulerIsochronous()
                0x000000000009e640                CDWHCIFrameSchedulerIsochronous::CDWHCIFrameSchedulerIsochronous(bool)
                0x000000000009e640                CDWHCIFrameSchedulerIsochronous::CDWHCIFrameSchedulerIsochronous(bool)
                0x000000000009e670                CDWHCIFrameSchedulerIsochronous::operator new(unsigned long)
                0x000000000009e6d0                CDWHCIFrameSchedulerIsochronous::operator delete(void*, unsigned long)
                0x000000000009e730                CDWHCIFrameSchedulerIsochronous::InitAllocator(unsigned int)
                0x000000000009e7b0                CDWHCIFrameSchedulerIsochronous::InitProtectedAllocator(unsigned int, unsigned int)
 .text          0x000000000009e840     0x140c ../MiniDexed/circle-stdlib/libs/circle/lib/usb/libusb.a(usbdevice.o)
                0x000000000009e840                CUSBDevice::Configure()
                0x000000000009e920                CUSBDevice::CUSBDevice(CUSBHostController*, TUSBSpeed, CUSBHCIRootPort*)
                0x000000000009e920                CUSBDevice::CUSBDevice(CUSBHostController*, TUSBSpeed, CUSBHCIRootPort*)
                0x000000000009e9e0                CUSBDevice::CUSBDevice(CUSBHostController*, TUSBSpeed, CUSBStandardHub*, unsigned int)
                0x000000000009e9e0                CUSBDevice::CUSBDevice(CUSBHostController*, TUSBSpeed, CUSBStandardHub*, unsigned int)
                0x000000000009eb30                CUSBDevice::ReScanDevices()
                0x000000000009eb90                CUSBDevice::RemoveDevice()
                0x000000000009ebe0                CUSBDevice::GetName(TDeviceNameSelector) const
                0x000000000009ed30                CUSBDevice::GetNames() const
                0x000000000009ee70                CUSBDevice::SetAddress(unsigned char)
                0x000000000009eea0                CUSBDevice::GetAddress() const
                0x000000000009eeb0                CUSBDevice::GetSpeed() const
                0x000000000009eec0                CUSBDevice::IsSplit() const
                0x000000000009eed0                CUSBDevice::GetHubAddress() const
                0x000000000009eee0                CUSBDevice::GetHubPortNumber() const
                0x000000000009eef0                CUSBDevice::GetTTHubDevice() const
                0x000000000009ef00                CUSBDevice::GetEndpoint0() const
                0x000000000009ef30                CUSBDevice::GetHost() const
                0x000000000009ef60                CUSBDevice::GetDeviceDescriptor() const
                0x000000000009ef90                CUSBDevice::GetConfigurationDescriptor() const
                0x000000000009efc0                CUSBDevice::GetDescriptor(unsigned char)
                0x000000000009eff0                CUSBDevice::ConfigurationError(char const*) const
                0x000000000009f020                CUSBDevice::GetFunction(unsigned int)
                0x000000000009f040                CUSBDevice::LogWrite(TLogSeverity, char const*, ...)
                0x000000000009f290                CUSBDevice::~CUSBDevice()
                0x000000000009f290                CUSBDevice::~CUSBDevice()
                0x000000000009f310                CUSBDevice::~CUSBDevice()
                0x000000000009f3a0                CUSBDevice::Initialize()
 *fill*         0x000000000009fc4c        0x4 
 .text.startup  0x000000000009fc50       0x44 ../MiniDexed/circle-stdlib/libs/circle/lib/usb/libusb.a(usbdevice.o)
 *fill*         0x000000000009fc94        0xc 
 .text          0x000000000009fca0      0xa3c ../MiniDexed/circle-stdlib/libs/circle/lib/usb/libusb.a(usbdevicefactory.o)
                0x000000000009fca0                CUSBDeviceFactory::GetGenericHIDDevice(CUSBFunction*)
                0x000000000009fef0                CUSBDeviceFactory::FindDeviceID(CString*, TUSBDeviceID const*)
                0x000000000009ffb0                CUSBDeviceFactory::GetDevice(CUSBFunction*, CString*)
 *fill*         0x00000000000a06dc        0x4 
 .text          0x00000000000a06e0      0x450 ../MiniDexed/circle-stdlib/libs/circle/lib/usb/libusb.a(usbendpoint.o)
                0x00000000000a06e0                CUSBEndpoint::CUSBEndpoint(CUSBDevice*)
                0x00000000000a06e0                CUSBEndpoint::CUSBEndpoint(CUSBDevice*)
                0x00000000000a0730                CUSBEndpoint::CUSBEndpoint(CUSBDevice*, TUSBEndpointDescriptor const*)
                0x00000000000a0730                CUSBEndpoint::CUSBEndpoint(CUSBDevice*, TUSBEndpointDescriptor const*)
                0x00000000000a0950                CUSBEndpoint::~CUSBEndpoint()
                0x00000000000a0950                CUSBEndpoint::~CUSBEndpoint()
                0x00000000000a0960                CUSBEndpoint::GetDevice() const
                0x00000000000a0990                CUSBEndpoint::GetNumber() const
                0x00000000000a09a0                CUSBEndpoint::GetType() const
                0x00000000000a09b0                CUSBEndpoint::IsDirectionIn() const
                0x00000000000a09c0                CUSBEndpoint::SetMaxPacketSize(unsigned int)
                0x00000000000a09d0                CUSBEndpoint::GetMaxPacketSize() const
                0x00000000000a09e0                CUSBEndpoint::GetInterval() const
                0x00000000000a0a20                CUSBEndpoint::GetNextPID(bool)
                0x00000000000a0a60                CUSBEndpoint::SkipPID(unsigned int, bool)
                0x00000000000a0b00                CUSBEndpoint::ResetPID()
 .text          0x00000000000a0b30      0x778 ../MiniDexed/circle-stdlib/libs/circle/lib/usb/libusb.a(usbfunction.o)
                0x00000000000a0b30                CUSBFunction::Initialize()
                0x00000000000a0b40                CUSBFunction::ReScanDevices()
                0x00000000000a0b50                CUSBFunction::~CUSBFunction()
                0x00000000000a0b50                CUSBFunction::~CUSBFunction()
                0x00000000000a0ba0                CUSBFunction::RemoveDevice()
                0x00000000000a0bd0                CUSBFunction::~CUSBFunction()
                0x00000000000a0c30                CUSBFunction::Configure()
                0x00000000000a0d10                CUSBFunction::CUSBFunction(CUSBDevice*, CUSBConfigurationParser*)
                0x00000000000a0d10                CUSBFunction::CUSBFunction(CUSBDevice*, CUSBConfigurationParser*)
                0x00000000000a0df0                CUSBFunction::CUSBFunction(CUSBFunction*)
                0x00000000000a0df0                CUSBFunction::CUSBFunction(CUSBFunction*)
                0x00000000000a0ef0                CUSBFunction::GetInterfaceName() const
                0x00000000000a0f90                CUSBFunction::GetNumEndpoints() const
                0x00000000000a0fc0                CUSBFunction::GetDevice() const
                0x00000000000a0ff0                CUSBFunction::GetEndpoint0() const
                0x00000000000a1020                CUSBFunction::GetHost() const
                0x00000000000a1050                CUSBFunction::GetDescriptor(unsigned char)
                0x00000000000a1080                CUSBFunction::ConfigurationError(char const*) const
                0x00000000000a10d0                CUSBFunction::SelectInterfaceByClass(unsigned char, unsigned char, unsigned char, unsigned int)
                0x00000000000a11c0                CUSBFunction::GetInterfaceNumber() const
                0x00000000000a11f0                CUSBFunction::GetInterfaceClass() const
                0x00000000000a1220                CUSBFunction::GetInterfaceSubClass() const
                0x00000000000a1250                CUSBFunction::GetInterfaceProtocol() const
                0x00000000000a1280                CUSBFunction::GetInterfaceDescriptor() const
 *fill*         0x00000000000a12a8        0x8 
 .text          0x00000000000a12b0      0x5e4 ../MiniDexed/circle-stdlib/libs/circle/lib/usb/libusb.a(usbgamepadps3.o)
                0x00000000000a12b0                CUSBGamePadPS3Device::~CUSBGamePadPS3Device()
                0x00000000000a12b0                CUSBGamePadPS3Device::~CUSBGamePadPS3Device()
                0x00000000000a12c0                CUSBGamePadPS3Device::~CUSBGamePadPS3Device()
                0x00000000000a1300                CUSBGamePadPS3Device::SetLEDMode(TGamePadLEDMode)
                0x00000000000a13a0                CUSBGamePadPS3Device::SetRumbleMode(TGamePadRumbleMode)
                0x00000000000a14a0                CUSBGamePadPS3Device::CUSBGamePadPS3Device(CUSBFunction*)
                0x00000000000a14a0                CUSBGamePadPS3Device::CUSBGamePadPS3Device(CUSBFunction*)
                0x00000000000a1520                CUSBGamePadPS3Device::PS3Enable()
                0x00000000000a15e0                CUSBGamePadPS3Device::Configure()
                0x00000000000a1720                CUSBGamePadPS3Device::DecodeReport(unsigned char const*)
 *fill*         0x00000000000a1894        0xc 
 .text._ZN17CUSBGamePadDevice10SetLEDModeEjhh
                0x00000000000a18a0        0x8 ../MiniDexed/circle-stdlib/libs/circle/lib/usb/libusb.a(usbgamepadps3.o)
                0x00000000000a18a0                CUSBGamePadDevice::SetLEDMode(unsigned int, unsigned char, unsigned char)
 *fill*         0x00000000000a18a8        0x8 
 .text._ZN20CUSBGamePadPS3Device13GetPropertiesEv
                0x00000000000a18b0        0x8 ../MiniDexed/circle-stdlib/libs/circle/lib/usb/libusb.a(usbgamepadps3.o)
                0x00000000000a18b0                CUSBGamePadPS3Device::GetProperties()
 *fill*         0x00000000000a18b8        0x8 
 .text          0x00000000000a18c0      0xad4 ../MiniDexed/circle-stdlib/libs/circle/lib/usb/libusb.a(usbgamepadps4.o)
                0x00000000000a18c0                CUSBGamePadPS4Device::DecodeReport(unsigned char const*)
                0x00000000000a1a80                CUSBGamePadPS4Device::~CUSBGamePadPS4Device()
                0x00000000000a1a80                CUSBGamePadPS4Device::~CUSBGamePadPS4Device()
                0x00000000000a1ad0                CUSBGamePadPS4Device::~CUSBGamePadPS4Device()
                0x00000000000a1b30                CUSBGamePadPS4Device::SetLEDMode(unsigned int, unsigned char, unsigned char)
                0x00000000000a1c10                CUSBGamePadPS4Device::SetRumbleMode(TGamePadRumbleMode)
                0x00000000000a1d30                CUSBGamePadPS4Device::SetLEDMode(TGamePadLEDMode)
                0x00000000000a1ee0                CUSBGamePadPS4Device::CUSBGamePadPS4Device(CUSBFunction*)
                0x00000000000a1ee0                CUSBGamePadPS4Device::CUSBGamePadPS4Device(CUSBFunction*)
                0x00000000000a1f50                CUSBGamePadPS4Device::HandleTouchpad(unsigned char const*)
                0x00000000000a20d0                CUSBGamePadPS4Device::ReportHandler(unsigned char const*, unsigned int)
                0x00000000000a2140                CUSBGamePadPS4Device::SendLedRumbleCommand()
                0x00000000000a2210                CUSBGamePadPS4Device::DisableTouchpad()
                0x00000000000a2220                CUSBGamePadPS4Device::Configure()
 *fill*         0x00000000000a2394        0xc 
 .text._ZN20CUSBGamePadPS4Device13GetPropertiesEv
                0x00000000000a23a0        0x8 ../MiniDexed/circle-stdlib/libs/circle/lib/usb/libusb.a(usbgamepadps4.o)
                0x00000000000a23a0                CUSBGamePadPS4Device::GetProperties()
 *fill*         0x00000000000a23a8        0x8 
 .text          0x00000000000a23b0      0x8cc ../MiniDexed/circle-stdlib/libs/circle/lib/usb/libusb.a(usbgamepadstandard.o)
                0x00000000000a23b0                CUSBGamePadStandardDevice::~CUSBGamePadStandardDevice()
                0x00000000000a23b0                CUSBGamePadStandardDevice::~CUSBGamePadStandardDevice()
                0x00000000000a23f0                CUSBGamePadStandardDevice::~CUSBGamePadStandardDevice()
                0x00000000000a2440                CUSBGamePadStandardDevice::CUSBGamePadStandardDevice(CUSBFunction*, bool)
                0x00000000000a2440                CUSBGamePadStandardDevice::CUSBGamePadStandardDevice(CUSBFunction*, bool)
                0x00000000000a2480                CUSBGamePadStandardDevice::BitGetUnsigned(void const*, unsigned int, unsigned int)
                0x00000000000a2530                CUSBGamePadStandardDevice::BitGetSigned(void const*, unsigned int, unsigned int)
                0x00000000000a2610                CUSBGamePadStandardDevice::DecodeReport(unsigned char const*)
                0x00000000000a2a90                CUSBGamePadStandardDevice::Configure()
 *fill*         0x00000000000a2c7c        0x4 
 .text._ZN17CUSBGamePadDevice13GetPropertiesEv
                0x00000000000a2c80        0x8 ../MiniDexed/circle-stdlib/libs/circle/lib/usb/libusb.a(usbgamepadstandard.o)
                0x00000000000a2c80                CUSBGamePadDevice::GetProperties()
 *fill*         0x00000000000a2c88        0x8 
 .text._ZN17CUSBGamePadDevice10SetLEDModeE15TGamePadLEDMode
                0x00000000000a2c90        0x8 ../MiniDexed/circle-stdlib/libs/circle/lib/usb/libusb.a(usbgamepadstandard.o)
                0x00000000000a2c90                CUSBGamePadDevice::SetLEDMode(TGamePadLEDMode)
 *fill*         0x00000000000a2c98        0x8 
 .text._ZN17CUSBGamePadDevice13SetRumbleModeE18TGamePadRumbleMode
                0x00000000000a2ca0        0x8 ../MiniDexed/circle-stdlib/libs/circle/lib/usb/libusb.a(usbgamepadstandard.o)
                0x00000000000a2ca0                CUSBGamePadDevice::SetRumbleMode(TGamePadRumbleMode)
 *fill*         0x00000000000a2ca8        0x8 
 .text          0x00000000000a2cb0      0x7e0 ../MiniDexed/circle-stdlib/libs/circle/lib/usb/libusb.a(usbgamepadswitchpro.o)
                0x00000000000a2cb0                CUSBGamePadSwitchProDevice::~CUSBGamePadSwitchProDevice()
                0x00000000000a2cb0                CUSBGamePadSwitchProDevice::~CUSBGamePadSwitchProDevice()
                0x00000000000a2cc0                CUSBGamePadSwitchProDevice::~CUSBGamePadSwitchProDevice()
                0x00000000000a2d00                CUSBGamePadSwitchProDevice::SetRumbleMode(TGamePadRumbleMode)
                0x00000000000a2dd0                CUSBGamePadSwitchProDevice::DecodeReport(unsigned char const*)
                0x00000000000a2fe0                CUSBGamePadSwitchProDevice::SetLEDMode(TGamePadLEDMode)
                0x00000000000a30b0                CUSBGamePadSwitchProDevice::CUSBGamePadSwitchProDevice(CUSBFunction*)
                0x00000000000a30b0                CUSBGamePadSwitchProDevice::CUSBGamePadSwitchProDevice(CUSBFunction*)
                0x00000000000a3120                CUSBGamePadSwitchProDevice::Configure()
 .text._ZN26CUSBGamePadSwitchProDevice13GetPropertiesEv
                0x00000000000a3490        0x8 ../MiniDexed/circle-stdlib/libs/circle/lib/usb/libusb.a(usbgamepadswitchpro.o)
                0x00000000000a3490                CUSBGamePadSwitchProDevice::GetProperties()
 *fill*         0x00000000000a3498        0x8 
 .text          0x00000000000a34a0      0x4a4 ../MiniDexed/circle-stdlib/libs/circle/lib/usb/libusb.a(usbgamepadxbox360.o)
                0x00000000000a34a0                CUSBGamePadXbox360Device::~CUSBGamePadXbox360Device()
                0x00000000000a34a0                CUSBGamePadXbox360Device::~CUSBGamePadXbox360Device()
                0x00000000000a34b0                CUSBGamePadXbox360Device::~CUSBGamePadXbox360Device()
                0x00000000000a34f0                CUSBGamePadXbox360Device::DecodeReport(unsigned char const*)
                0x00000000000a3670                CUSBGamePadXbox360Device::SetLEDMode(TGamePadLEDMode)
                0x00000000000a36d0                CUSBGamePadXbox360Device::ReportHandler(unsigned char const*, unsigned int)
                0x00000000000a3750                CUSBGamePadXbox360Device::SetRumbleMode(TGamePadRumbleMode)
                0x00000000000a37e0                CUSBGamePadXbox360Device::CUSBGamePadXbox360Device(CUSBFunction*)
                0x00000000000a37e0                CUSBGamePadXbox360Device::CUSBGamePadXbox360Device(CUSBFunction*)
                0x00000000000a3810                CUSBGamePadXbox360Device::Configure()
 *fill*         0x00000000000a3944        0xc 
 .text._ZN24CUSBGamePadXbox360Device13GetPropertiesEv
                0x00000000000a3950        0x8 ../MiniDexed/circle-stdlib/libs/circle/lib/usb/libusb.a(usbgamepadxbox360.o)
                0x00000000000a3950                CUSBGamePadXbox360Device::GetProperties()
 *fill*         0x00000000000a3958        0x8 
 .text          0x00000000000a3960      0x508 ../MiniDexed/circle-stdlib/libs/circle/lib/usb/libusb.a(usbgamepadxboxone.o)
                0x00000000000a3960                CUSBGamePadXboxOneDevice::DecodeReport(unsigned char const*)
                0x00000000000a3b10                CUSBGamePadXboxOneDevice::~CUSBGamePadXboxOneDevice()
                0x00000000000a3b10                CUSBGamePadXboxOneDevice::~CUSBGamePadXboxOneDevice()
                0x00000000000a3b20                CUSBGamePadXboxOneDevice::~CUSBGamePadXboxOneDevice()
                0x00000000000a3b60                CUSBGamePadXboxOneDevice::ReportHandler(unsigned char const*, unsigned int)
                0x00000000000a3c60                CUSBGamePadXboxOneDevice::SetRumbleMode(TGamePadRumbleMode)
                0x00000000000a3d20                CUSBGamePadXboxOneDevice::CUSBGamePadXboxOneDevice(CUSBFunction*)
                0x00000000000a3d20                CUSBGamePadXboxOneDevice::CUSBGamePadXboxOneDevice(CUSBFunction*)
                0x00000000000a3d50                CUSBGamePadXboxOneDevice::Configure()
 *fill*         0x00000000000a3e68        0x8 
 .text._ZN24CUSBGamePadXboxOneDevice13GetPropertiesEv
                0x00000000000a3e70        0x8 ../MiniDexed/circle-stdlib/libs/circle/lib/usb/libusb.a(usbgamepadxboxone.o)
                0x00000000000a3e70                CUSBGamePadXboxOneDevice::GetProperties()
 *fill*         0x00000000000a3e78        0x8 
 .text          0x00000000000a3e80      0x8fc ../MiniDexed/circle-stdlib/libs/circle/lib/usb/libusb.a(usbhiddevice.o)
                0x00000000000a3e80                CUSBHIDDevice::SendCompletionRoutine(CUSBRequest*, void*, void*)
                0x00000000000a3f10                CUSBHIDDevice::CUSBHIDDevice(CUSBFunction*, unsigned int)
                0x00000000000a3f10                CUSBHIDDevice::CUSBHIDDevice(CUSBFunction*, unsigned int)
                0x00000000000a3f80                CUSBHIDDevice::~CUSBHIDDevice()
                0x00000000000a3f80                CUSBHIDDevice::~CUSBHIDDevice()
                0x00000000000a4000                CUSBHIDDevice::~CUSBHIDDevice()
                0x00000000000a4030                CUSBHIDDevice::ConfigureHID(unsigned int)
                0x00000000000a42f0                CUSBHIDDevice::SendToEndpointOut(void const*, unsigned int, unsigned int)
                0x00000000000a4390                CUSBHIDDevice::SendToEndpointOutAsync(void const*, unsigned int, unsigned int)
                0x00000000000a44a0                CUSBHIDDevice::ReceiveFromEndpointIn(void*, unsigned int, unsigned int)
                0x00000000000a4530                CUSBHIDDevice::StartRequest()
                0x00000000000a4610                CUSBHIDDevice::CompletionRoutine(CUSBRequest*)
                0x00000000000a4750                CUSBHIDDevice::CompletionStub(CUSBRequest*, void*, void*)
 *fill*         0x00000000000a477c        0x4 
 .text          0x00000000000a4780      0x630 ../MiniDexed/circle-stdlib/libs/circle/lib/usb/libusb.a(usbkeyboard.o)
                0x00000000000a4790                CUSBKeyboardDevice::~CUSBKeyboardDevice()
                0x00000000000a4790                CUSBKeyboardDevice::~CUSBKeyboardDevice()
                0x00000000000a4810                CUSBKeyboardDevice::~CUSBKeyboardDevice()
                0x00000000000a4840                CUSBKeyboardDevice::ReportHandler(unsigned char const*, unsigned int)
                0x00000000000a4a10                CUSBKeyboardDevice::CUSBKeyboardDevice(CUSBFunction*)
                0x00000000000a4a10                CUSBKeyboardDevice::CUSBKeyboardDevice(CUSBFunction*)
                0x00000000000a4aa0                CUSBKeyboardDevice::RegisterKeyPressedHandler(void (*)(char const*))
                0x00000000000a4ab0                CUSBKeyboardDevice::RegisterSelectConsoleHandler(void (*)(unsigned int))
                0x00000000000a4ac0                CUSBKeyboardDevice::RegisterShutdownHandler(void (*)())
                0x00000000000a4ad0                CUSBKeyboardDevice::GetLEDStatus() const
                0x00000000000a4af0                CUSBKeyboardDevice::RegisterKeyStatusHandlerRaw(void (*)(unsigned char, unsigned char const*, void*), bool, void*)
                0x00000000000a4b30                CUSBKeyboardDevice::RegisterKeyStatusHandlerRaw(void (*)(unsigned char, unsigned char const*), bool)
                0x00000000000a4b50                CUSBKeyboardDevice::UnregisterKeyStatusHandlerRaw()
                0x00000000000a4b60                CUSBKeyboardDevice::SetLEDs(unsigned char)
                0x00000000000a4bf0                CUSBKeyboardDevice::Configure()
                0x00000000000a4d00                CUSBKeyboardDevice::UpdateLEDs()
                0x00000000000a4d80                CUSBKeyboardDevice::FindByte(unsigned char const*, unsigned char, unsigned int)
 .text.startup  0x00000000000a4db0       0x44 ../MiniDexed/circle-stdlib/libs/circle/lib/usb/libusb.a(usbkeyboard.o)
 *fill*         0x00000000000a4df4        0xc 
 .text          0x00000000000a4e00     0x1020 ../MiniDexed/circle-stdlib/libs/circle/lib/usb/libusb.a(usbmassdevice.o)
                0x00000000000a4e00                CUSBBulkOnlyMassStorageDevice::Seek(unsigned long)
                0x00000000000a4e10                CUSBBulkOnlyMassStorageDevice::~CUSBBulkOnlyMassStorageDevice()
                0x00000000000a4e10                CUSBBulkOnlyMassStorageDevice::~CUSBBulkOnlyMassStorageDevice()
                0x00000000000a4ee0                CUSBBulkOnlyMassStorageDevice::~CUSBBulkOnlyMassStorageDevice()
                0x00000000000a4f10                CUSBBulkOnlyMassStorageDevice::GetSize() const
                0x00000000000a4f70                CUSBBulkOnlyMassStorageDevice::CUSBBulkOnlyMassStorageDevice(CUSBFunction*)
                0x00000000000a4f70                CUSBBulkOnlyMassStorageDevice::CUSBBulkOnlyMassStorageDevice(CUSBFunction*)
                0x00000000000a4fb0                CUSBBulkOnlyMassStorageDevice::GetCapacity() const
                0x00000000000a4fc0                CUSBBulkOnlyMassStorageDevice::Command(void*, unsigned long, void*, unsigned long, bool)
                0x00000000000a53e0                CUSBBulkOnlyMassStorageDevice::TryRead(void*, unsigned long)
                0x00000000000a54e0                CUSBBulkOnlyMassStorageDevice::TryWrite(void const*, unsigned long)
                0x00000000000a55d0                CUSBBulkOnlyMassStorageDevice::Reset()
                0x00000000000a5760                CUSBBulkOnlyMassStorageDevice::Read(void*, unsigned long)
                0x00000000000a5810                CUSBBulkOnlyMassStorageDevice::Write(void const*, unsigned long)
                0x00000000000a58c0                CUSBBulkOnlyMassStorageDevice::Configure()
 .text.startup  0x00000000000a5e20       0x44 ../MiniDexed/circle-stdlib/libs/circle/lib/usb/libusb.a(usbmassdevice.o)
 *fill*         0x00000000000a5e64        0xc 
 .text          0x00000000000a5e70      0x86c ../MiniDexed/circle-stdlib/libs/circle/lib/usb/libusb.a(usbmidihost.o)
                0x00000000000a5e70                CUSBMIDIHostDevice::~CUSBMIDIHostDevice()
                0x00000000000a5e70                CUSBMIDIHostDevice::~CUSBMIDIHostDevice()
                0x00000000000a5f20                CUSBMIDIHostDevice::~CUSBMIDIHostDevice()
                0x00000000000a5f50                CUSBMIDIHostDevice::SendEventsHandler(unsigned char const*, unsigned int, void*)
                0x00000000000a6040                CUSBMIDIHostDevice::CUSBMIDIHostDevice(CUSBFunction*)
                0x00000000000a6040                CUSBMIDIHostDevice::CUSBMIDIHostDevice(CUSBFunction*)
                0x00000000000a6080                CUSBMIDIHostDevice::StartRequest()
                0x00000000000a6170                CUSBMIDIHostDevice::TimerStub(unsigned long, void*, void*)
                0x00000000000a61d0                CUSBMIDIHostDevice::CompletionRoutine(CUSBRequest*)
                0x00000000000a63e0                CUSBMIDIHostDevice::CompletionStub(CUSBRequest*, void*, void*)
                0x00000000000a6410                CUSBMIDIHostDevice::TimerHandler(unsigned long)
                0x00000000000a6440                CUSBMIDIHostDevice::Configure()
 *fill*         0x00000000000a66dc        0x4 
 .text          0x00000000000a66e0      0x7ec ../MiniDexed/circle-stdlib/libs/circle/lib/usb/libusb.a(usbmouse.o)
                0x00000000000a66e0                CUSBMouseDevice::~CUSBMouseDevice()
                0x00000000000a66e0                CUSBMouseDevice::~CUSBMouseDevice()
                0x00000000000a6740                CUSBMouseDevice::~CUSBMouseDevice()
                0x00000000000a6770                CUSBMouseDevice::CUSBMouseDevice(CUSBFunction*)
                0x00000000000a6770                CUSBMouseDevice::CUSBMouseDevice(CUSBFunction*)
                0x00000000000a67b0                CUSBMouseDevice::ExtractUnsigned(void const*, unsigned int, unsigned int)
                0x00000000000a6860                CUSBMouseDevice::ExtractSigned(void const*, unsigned int, unsigned int)
                0x00000000000a6930                CUSBMouseDevice::ReportHandler(unsigned char const*, unsigned int)
                0x00000000000a6a00                CUSBMouseDevice::DecodeReport()
                0x00000000000a6d10                CUSBMouseDevice::Configure()
 *fill*         0x00000000000a6ecc        0x4 
 .text          0x00000000000a6ed0      0x3dc ../MiniDexed/circle-stdlib/libs/circle/lib/usb/libusb.a(usbprinter.o)
                0x00000000000a6ed0                CUSBPrinterDevice::~CUSBPrinterDevice()
                0x00000000000a6ed0                CUSBPrinterDevice::~CUSBPrinterDevice()
                0x00000000000a6f70                CUSBPrinterDevice::~CUSBPrinterDevice()
                0x00000000000a6fa0                CUSBPrinterDevice::Write(void const*, unsigned long)
                0x00000000000a7040                CUSBPrinterDevice::CUSBPrinterDevice(CUSBFunction*)
                0x00000000000a7040                CUSBPrinterDevice::CUSBPrinterDevice(CUSBFunction*)
                0x00000000000a7080                CUSBPrinterDevice::Configure()
 *fill*         0x00000000000a72ac        0x4 
 .text.startup  0x00000000000a72b0       0x44 ../MiniDexed/circle-stdlib/libs/circle/lib/usb/libusb.a(usbprinter.o)
 *fill*         0x00000000000a72f4        0xc 
 .text          0x00000000000a7300      0x5b8 ../MiniDexed/circle-stdlib/libs/circle/lib/usb/libusb.a(usbstring.o)
                0x00000000000a7300                CUSBString::CUSBString(CUSBDevice*)
                0x00000000000a7300                CUSBString::CUSBString(CUSBDevice*)
                0x00000000000a7370                CUSBString::CUSBString(CUSBString*)
                0x00000000000a7370                CUSBString::CUSBString(CUSBString*)
                0x00000000000a7440                CUSBString::~CUSBString()
                0x00000000000a7440                CUSBString::~CUSBString()
                0x00000000000a7490                CUSBString::GetFromDescriptor(unsigned char, unsigned short)
                0x00000000000a76f0                CUSBString::Get() const
                0x00000000000a7700                CUSBString::GetLanguageID()
 *fill*         0x00000000000a78b8        0x8 
 .text          0x00000000000a78c0      0x5b4 ../MiniDexed/circle-stdlib/libs/circle/lib/usb/libusb.a(usbserialch341.o)
                0x00000000000a78c0                CUSBSerialCH341Device::~CUSBSerialCH341Device()
                0x00000000000a78c0                CUSBSerialCH341Device::~CUSBSerialCH341Device()
                0x00000000000a78d0                CUSBSerialCH341Device::~CUSBSerialCH341Device()
                0x00000000000a7910                CUSBSerialCH341Device::SetBaudRate(unsigned int)
                0x00000000000a7a40                CUSBSerialCH341Device::CUSBSerialCH341Device(CUSBFunction*)
                0x00000000000a7a40                CUSBSerialCH341Device::CUSBSerialCH341Device(CUSBFunction*)
                0x00000000000a7a70                CUSBSerialCH341Device::GetDeviceIDTable()
                0x00000000000a7a80                CUSBSerialCH341Device::Configure()
                0x00000000000a7c40                CUSBSerialCH341Device::SetLineProperties(TUSBSerialDataBits, TUSBSerialParity, TUSBSerialStopBits)
 *fill*         0x00000000000a7e74        0xc 
 .text          0x00000000000a7e80      0x670 ../MiniDexed/circle-stdlib/libs/circle/lib/usb/libusb.a(usbserialcp210x.o)
                0x00000000000a7e80                CUSBSerialCP210xDevice::~CUSBSerialCP210xDevice()
                0x00000000000a7e80                CUSBSerialCP210xDevice::~CUSBSerialCP210xDevice()
                0x00000000000a7e90                CUSBSerialCP210xDevice::~CUSBSerialCP210xDevice()
                0x00000000000a7ed0                CUSBSerialCP210xDevice::SetBaudRate(unsigned int)
                0x00000000000a7ff0                CUSBSerialCP210xDevice::CUSBSerialCP210xDevice(CUSBFunction*)
                0x00000000000a7ff0                CUSBSerialCP210xDevice::CUSBSerialCP210xDevice(CUSBFunction*)
                0x00000000000a8030                CUSBSerialCP210xDevice::GetDeviceIDTable()
                0x00000000000a8040                CUSBSerialCP210xDevice::Configure()
                0x00000000000a8260                CUSBSerialCP210xDevice::SetLineProperties(TUSBSerialDataBits, TUSBSerialParity, TUSBSerialStopBits)
 .text          0x00000000000a84f0      0x8e4 ../MiniDexed/circle-stdlib/libs/circle/lib/usb/libusb.a(usbserialpl2303.o)
                0x00000000000a84f0                CUSBSerialPL2303Device::~CUSBSerialPL2303Device()
                0x00000000000a84f0                CUSBSerialPL2303Device::~CUSBSerialPL2303Device()
                0x00000000000a8500                CUSBSerialPL2303Device::~CUSBSerialPL2303Device()
                0x00000000000a8540                CUSBSerialPL2303Device::SetBaudRate(unsigned int)
                0x00000000000a8680                CUSBSerialPL2303Device::CUSBSerialPL2303Device(CUSBFunction*)
                0x00000000000a8680                CUSBSerialPL2303Device::CUSBSerialPL2303Device(CUSBFunction*)
                0x00000000000a86b0                CUSBSerialPL2303Device::GetDeviceIDTable()
                0x00000000000a86c0                CUSBSerialPL2303Device::Configure()
                0x00000000000a8b50                CUSBSerialPL2303Device::SetLineProperties(TUSBSerialDataBits, TUSBSerialParity, TUSBSerialStopBits)
 *fill*         0x00000000000a8dd4        0xc 