Archive member included to satisfy reference by file (symbol)

../MiniDexed/circle-stdlib/install/aarch64-none-circle/lib/libc.a(lib_a-cxa_atexit.o)
                              kernel.o (__cxa_atexit)
../MiniDexed/circle-stdlib/install/aarch64-none-circle/lib/libc.a(lib_a-snprintf.o)
                              kernel.o (snprintf)
../MiniDexed/circle-stdlib/install/aarch64-none-circle/lib/libc.a(lib_a-strcmp.o)
                              kernel.o (strcmp)
../MiniDexed/circle-stdlib/install/aarch64-none-circle/lib/libc.a(lib_a-strlen.o)
                              kernel.o (strlen)
../MiniDexed/circle-stdlib/install/aarch64-none-circle/lib/libc.a(lib_a-svfprintf.o)
                              ../MiniDexed/circle-stdlib/install/aarch64-none-circle/lib/libc.a(lib_a-snprintf.o) (_svfprintf_r)
../MiniDexed/circle-stdlib/install/aarch64-none-circle/lib/libc.a(lib_a-__atexit.o)
                              ../MiniDexed/circle-stdlib/install/aarch64-none-circle/lib/libc.a(lib_a-cxa_atexit.o) (__register_exitproc)
../MiniDexed/circle-stdlib/install/aarch64-none-circle/lib/libc.a(lib_a-dtoa.o)
                              ../MiniDexed/circle-stdlib/install/aarch64-none-circle/lib/libc.a(lib_a-svfprintf.o) (_dtoa_r)
../MiniDexed/circle-stdlib/install/aarch64-none-circle/lib/libc.a(lib_a-impure.o)
                              ../MiniDexed/circle-stdlib/install/aarch64-none-circle/lib/libc.a(lib_a-snprintf.o) (_impure_ptr)
../MiniDexed/circle-stdlib/install/aarch64-none-circle/lib/libc.a(lib_a-localeconv.o)
                              ../MiniDexed/circle-stdlib/install/aarch64-none-circle/lib/libc.a(lib_a-svfprintf.o) (_localeconv_r)
../MiniDexed/circle-stdlib/install/aarch64-none-circle/lib/libc.a(lib_a-memchr.o)
                              ../MiniDexed/circle-stdlib/install/aarch64-none-circle/lib/libc.a(lib_a-svfprintf.o) (memchr)
../MiniDexed/circle-stdlib/install/aarch64-none-circle/lib/libc.a(lib_a-mprec.o)
                              ../MiniDexed/circle-stdlib/install/aarch64-none-circle/lib/libc.a(lib_a-dtoa.o) (_Balloc)
../MiniDexed/circle-stdlib/install/aarch64-none-circle/lib/libc.a(lib_a-svfiprintf.o)
                              ../MiniDexed/circle-stdlib/install/aarch64-none-circle/lib/libc.a(lib_a-svfprintf.o) (__ssprint_r)
../MiniDexed/circle-stdlib/install/aarch64-none-circle/lib/libc.a(lib_a-locale.o)
                              ../MiniDexed/circle-stdlib/install/aarch64-none-circle/lib/libc.a(lib_a-localeconv.o) (__global_locale)
../MiniDexed/circle-stdlib/install/aarch64-none-circle/lib/libc.a(lib_a-mbtowc_r.o)
                              ../MiniDexed/circle-stdlib/install/aarch64-none-circle/lib/libc.a(lib_a-locale.o) (__ascii_mbtowc)
../MiniDexed/circle-stdlib/install/aarch64-none-circle/lib/libc.a(lib_a-wctomb_r.o)
                              ../MiniDexed/circle-stdlib/install/aarch64-none-circle/lib/libc.a(lib_a-locale.o) (__ascii_wctomb)
../MiniDexed/circle-stdlib/install/aarch64-none-circle/lib/libc.a(lib_a-ctype_.o)
                              ../MiniDexed/circle-stdlib/install/aarch64-none-circle/lib/libc.a(lib_a-locale.o) (_ctype_)
../MiniDexed/circle-stdlib/install/aarch64-none-circle/lib/libcirclenewlib.a(io.o)
                              kernel.o (CGlueStdioInit(CConsole&))
../MiniDexed/circle-stdlib/install/aarch64-none-circle/lib/libcirclenewlib.a(mem.o)
                              ../MiniDexed/circle-stdlib/install/aarch64-none-circle/lib/libc.a(lib_a-svfprintf.o) (_malloc_r)
../MiniDexed/circle-stdlib/libs/circle/addon/display/libdisplay.a(hd44780device.o)
                              kernel.o (CHD44780Device::Initialize())
../MiniDexed/circle-stdlib/libs/circle/addon/display/libdisplay.a(st7789display.o)
                              kernel.o (CST7789Display::SetRotation(unsigned int))
../MiniDexed/circle-stdlib/libs/circle/addon/display/libdisplay.a(chardevice.o)
                              ../MiniDexed/circle-stdlib/libs/circle/addon/display/libdisplay.a(hd44780device.o) (CCharDevice::CCharDevice(unsigned int, unsigned int))
../MiniDexed/circle-stdlib/libs/circle/addon/display/libdisplay.a(ssd1306device.o)
                              kernel.o (CSSD1306Device::CSSD1306Device(unsigned int, unsigned int, CI2CMaster*, unsigned char, bool, bool))
../MiniDexed/circle-stdlib/libs/circle/addon/display/libdisplay.a(st7789device.o)
                              kernel.o (CST7789Device::CST7789Device(CSPIMaster*, CST7789Display*, unsigned int, unsigned int, TFont const&, bool, bool, bool))
../MiniDexed/circle-stdlib/libs/circle/addon/sensor/libsensor.a(ky040.o)
                              kernel.o (CKY040::Initialize())
../MiniDexed/circle-stdlib/libs/circle/addon/Properties/libproperties.a(properties.o)
                              kernel.o (CProperties::GetNumber(char const*, unsigned int) const)
../MiniDexed/circle-stdlib/libs/circle/addon/Properties/libproperties.a(propertiesfatfsfile.o)
[...]
Memory Configuration

Name             Origin             Length             Attributes
*default*        0x0000000000000000 0xffffffffffffffff

Linker script and memory map

Address of section .init set to 0x80000

.init           0x0000000000080000      0x148
 *(.init)
 .init          0x0000000000080000      0x148 ../MiniDexed/circle-stdlib/libs/circle/lib/libcircle.a(startup64.o)
                0x0000000000080000                _start
                0x000000000008008c                _start_secondary

.text           0x0000000000080800    0x5faa4
 *(.text*)
 .text          0x0000000000080800        0x0 /workspaces/MultiSynthBoot/gcc-arm-10.3-2021.07-x86_64-aarch64-none-elf/bin/../lib/gcc/aarch64-none-elf/10.3.1/crtbegin.o
 .text.deregister_tm_clones
                0x0000000000080800       0x30 /workspaces/MultiSynthBoot/gcc-arm-10.3-2021.07-x86_64-aarch64-none-elf/bin/../lib/gcc/aarch64-none-elf/10.3.1/crtbegin.o
 .text.register_tm_clones
                0x0000000000080830       0x3c /workspaces/MultiSynthBoot/gcc-arm-10.3-2021.07-x86_64-aarch64-none-elf/bin/../lib/gcc/aarch64-none-elf/10.3.1/crtbegin.o
 *fill*         0x000000000008086c        0x4 
 .text.__do_global_dtors_aux
                0x0000000000080870       0x48 /workspaces/MultiSynthBoot/gcc-arm-10.3-2021.07-x86_64-aarch64-none-elf/bin/../lib/gcc/aarch64-none-elf/10.3.1/crtbegin.o
 *fill*         0x00000000000808b8        0x8 
 .text.frame_dummy
                0x00000000000808c0       0x34 /workspaces/MultiSynthBoot/gcc-arm-10.3-2021.07-x86_64-aarch64-none-elf/bin/../lib/gcc/aarch64-none-elf/10.3.1/crtbegin.o
 .text          0x00000000000808f4        0x0 main.o
 *fill*         0x00000000000808f4        0xc 
 .text.startup  0x0000000000080900       0x74 main.o
                0x0000000000080900                main
 *fill*         0x0000000000080974        0xc 
 .text          0x0000000000080980     0x1d10 kernel.o
                0x0000000000080980                CKernel::PanicHandler()
                0x00000000000809d0                CKernel::DeviceRemovedHandler(CDevice*, void*)
                0x0000000000080e60                CKernel::USBMIDIMessageHandler(unsigned int, unsigned char*, unsigned int)
                0x0000000000080e80                CKernel::HandleEncoderEvent(CKY040::TEvent)
                0x0000000000080f00                CKernel::LCDinit()
                0x00000000000816b0                CKernel::LCDWrite(char const*)
                0x0000000000081700                CKernel::UpdateDisplay()
                0x0000000000081720                CKernel::CheckUSBMIDI()
                0x0000000000081800                CKernel::HandleMIDIPacket(unsigned char*, unsigned int)
                0x0000000000081810                CKernel::ProcessRawMIDIData(unsigned char*, int)
                0x0000000000081830                CKernel::Deinit()
                0x0000000000081930                start_synth
                0x0000000000081960                CKernel::CKernel()
                0x0000000000081960                CKernel::CKernel()
                0x0000000000081c70                CKernel::~CKernel()
                0x0000000000081c70                CKernel::~CKernel()
                0x0000000000081da0                CKernel::~CKernel()
                0x0000000000081dd0                CKernel::ProcessMIDIInput()
                0x0000000000081e20                CKernel::Run()
                0x0000000000081fa0                kernel_main()
                0x0000000000081fb0                CKernel::Initialize()
 .text._ZN10CStdlibApp7CleanupEv
                0x0000000000082690        0x4 kernel.o
                0x0000000000082690                CStdlibApp::Cleanup()
 *fill*         0x0000000000082694        0xc 
 .text._ZN15CStdlibAppStdio7CleanupEv
                0x00000000000826a0       0x18 kernel.o
                0x00000000000826a0                CStdlibAppStdio::Cleanup()
 *fill*         0x00000000000826b8        0x8 
 .text._ZN10CStdlibApp10InitializeEv
                0x00000000000826c0        0x8 kernel.o
                0x00000000000826c0                CStdlibApp::Initialize()
 *fill*         0x00000000000826c8        0x8 
 .text._ZN16CStdlibAppScreen10InitializeEv
                0x00000000000826d0       0x84 kernel.o
                0x00000000000826d0                CStdlibAppScreen::Initialize()
 *fill*         0x0000000000082754        0xc 
 .text._ZN15CStdlibAppStdio10InitializeEv
                0x0000000000082760      0x174 kernel.o
                0x0000000000082760                CStdlibAppStdio::Initialize()
 *fill*         0x00000000000828d4        0xc 
 .text._ZN7CKernel16EncoderEventStubEN6CKY0406TEventEPv
                0x00000000000828e0       0x84 kernel.o
                0x00000000000828e0                CKernel::EncoderEventStub(CKY040::TEvent, void*)
 *fill*         0x0000000000082964        0xc 
 .text._ZN16CStdlibAppScreenC2EPKc
                0x0000000000082970      0x1fc kernel.o
                0x0000000000082970                CStdlibAppScreen::CStdlibAppScreen(char const*)
                0x0000000000082970                CStdlibAppScreen::CStdlibAppScreen(char const*)
 *fill*         0x0000000000082b6c        0x4 
 .text._ZN15CStdlibAppStdioD2Ev
                0x0000000000082b70       0xa4 kernel.o
                0x0000000000082b70                CStdlibAppStdio::~CStdlibAppStdio()
                0x0000000000082b70                CStdlibAppStdio::~CStdlibAppStdio()
 *fill*         0x0000000000082c14        0xc 
 .text.startup  0x0000000000082c20       0x3c kernel.o
 *fill*         0x0000000000082c5c        0x4 
 .text._ZN15CStdlibAppStdioD0Ev
                0x0000000000082c60       0xb0 kernel.o
                0x0000000000082c60                CStdlibAppStdio::~CStdlibAppStdio()
 .text          0x0000000000082d10       0x30 ../MiniDexed/circle-stdlib/install/aarch64-none-circle/lib/libc.a(lib_a-cxa_atexit.o)
                0x0000000000082d10                __cxa_atexit
 .text          0x0000000000082d40      0x2a8 ../MiniDexed/circle-stdlib/install/aarch64-none-circle/lib/libc.a(lib_a-snprintf.o)
                0x0000000000082d40                _snprintf_r
                0x0000000000082e8c                snprintf
 *fill*         0x0000000000082fe8       0x18 
 .text          0x0000000000083000       0xe4 ../MiniDexed/circle-stdlib/install/aarch64-none-circle/lib/libc.a(lib_a-strcmp.o)
                0x0000000000083000                strcmp
 *fill*         0x00000000000830e4       0x1c 
 .text          0x0000000000083100      0x140 ../MiniDexed/circle-stdlib/install/aarch64-none-circle/lib/libc.a(lib_a-strlen.o)
                0x0000000000083100                strlen
 .text          0x0000000000083240     0x2754 ../MiniDexed/circle-stdlib/install/aarch64-none-circle/lib/libc.a(lib_a-svfprintf.o)
                0x0000000000083240                _svfprintf_r
 .text          0x0000000000085994      0x164 ../MiniDexed/circle-stdlib/install/aarch64-none-circle/lib/libc.a(lib_a-__atexit.o)
                0x0000000000085994                __register_exitproc
 .text          0x0000000000085af8     0x1a80 ../MiniDexed/circle-stdlib/install/aarch64-none-circle/lib/libc.a(lib_a-dtoa.o)
                0x0000000000085eac                _dtoa_r
 .text          0x0000000000087578        0x0 ../MiniDexed/circle-stdlib/install/aarch64-none-circle/lib/libc.a(lib_a-impure.o)
 .text          0x0000000000087578       0xa8 ../MiniDexed/circle-stdlib/install/aarch64-none-circle/lib/libc.a(lib_a-localeconv.o)
                0x00000000000875ac                __localeconv_l
                0x00000000000875ec                _localeconv_r
                0x0000000000087608                localeconv
 .text          0x0000000000087620       0xd8 ../MiniDexed/circle-stdlib/install/aarch64-none-circle/lib/libc.a(lib_a-memchr.o)
                0x0000000000087620                memchr
 .text          0x00000000000876f8     0x18b8 ../MiniDexed/circle-stdlib/install/aarch64-none-circle/lib/libc.a(lib_a-mprec.o)
                0x00000000000876f8                _Balloc
                0x0000000000087820                _Bfree
                0x0000000000087890                __multadd
                0x0000000000087a18                __s2b
                0x0000000000087b98                __hi0bits
                0x0000000000087c20                __lo0bits
                0x0000000000087d10                __i2b
                0x0000000000087d54                __multiply
                0x0000000000088118                __pow5mult
                0x000000000008828c                __lshift
                0x0000000000088484                __mcmp
                0x0000000000088588                __mdiff
                0x0000000000088824                __ulp
                0x00000000000888b4                __b2d
                0x0000000000088a9c                __d2b
                0x0000000000088ca0                __ratio
                0x0000000000088d5c                _mprec_log10
                0x0000000000088dc0                __copybits
                0x0000000000088e84                __any_on
 .text          0x0000000000088fb0     0x1764 ../MiniDexed/circle-stdlib/install/aarch64-none-circle/lib/libc.a(lib_a-svfiprintf.o)
                0x0000000000088fb0                __ssprint_r
                0x0000000000089290                _svfiprintf_r
 .text          0x000000000008a714       0xe8 ../MiniDexed/circle-stdlib/install/aarch64-none-circle/lib/libc.a(lib_a-locale.o)
                0x000000000008a734                _setlocale_r
                0x000000000008a7b4                __locale_mb_cur_max
                0x000000000008a7cc                setlocale
 .text          0x000000000008a7fc       0xf8 ../MiniDexed/circle-stdlib/install/aarch64-none-circle/lib/libc.a(lib_a-mbtowc_r.o)
                0x000000000008a81c                _mbtowc_r
                0x000000000008a860                __ascii_mbtowc
 .text          0x000000000008a8f4       0xc8 ../MiniDexed/circle-stdlib/install/aarch64-none-circle/lib/libc.a(lib_a-wctomb_r.o)
                0x000000000008a914                _wctomb_r
                0x000000000008a950                __ascii_wctomb
 .text          0x000000000008a9bc        0x0 ../MiniDexed/circle-stdlib/install/aarch64-none-circle/lib/libc.a(lib_a-ctype_.o)
 .text          0x000000000008a9bc     0x1f94 ../MiniDexed/circle-stdlib/install/aarch64-none-circle/lib/libcirclenewlib.a(io.o)
                0x000000000008b91c                CGlueStdioInit(CConsole&)
                0x000000000008b93c                _open
                0x000000000008ba2c                _close
                0x000000000008bb9c                _read
                0x000000000008bc58                _write
                0x000000000008bd14                _lseek
                0x000000000008bdd0                _fstat
                0x000000000008be84                ftruncate
                0x000000000008bf38                fsync
                0x000000000008bf54                _isatty
                0x000000000008bf70                opendir
                0x000000000008c248                readdir
                0x000000000008c2a8                readdir_r
                0x000000000008c310                rewinddir
                0x000000000008c334                closedir
                0x000000000008c4d8                _fcntl
                0x000000000008c678                dup
                0x000000000008c69c                dup2
 .text._ZN18CUSBHostController8IsActiveEv
                0x000000000008c950       0x1c ../MiniDexed/circle-stdlib/install/aarch64-none-circle/lib/libcirclenewlib.a(io.o)
                0x000000000008c950                CUSBHostController::IsActive()
 .text._ZN10CScheduler8IsActiveEv
                0x000000000008c96c       0x1c ../MiniDexed/circle-stdlib/install/aarch64-none-circle/lib/libcirclenewlib.a(io.o)
                0x000000000008c96c                CScheduler::IsActive()
 .text._ZN11_CIRCLE_DIRC2Ev
                0x000000000008c988       0x44 ../MiniDexed/circle-stdlib/install/aarch64-none-circle/lib/libcirclenewlib.a(io.o)
                0x000000000008c988                _CIRCLE_DIR::_CIRCLE_DIR()
                0x000000000008c988                _CIRCLE_DIR::_CIRCLE_DIR()
 .text._Z25call_glueio_func_void_argIXadL_ZN12_GLOBAL__N_17CGlueIO5FSyncEvEEEii
                0x000000000008c9cc       0x50 ../MiniDexed/circle-stdlib/install/aarch64-none-circle/lib/libcirclenewlib.a(io.o)
                0x000000000008c9cc                int call_glueio_func_void_arg<&(anonymous namespace)::CGlueIO::FSync>(int)
 .text._Z25call_glueio_func_void_argIXadL_ZN12_GLOBAL__N_17CGlueIO6IsATtyEvEEEii
                0x000000000008ca1c       0x50 ../MiniDexed/circle-stdlib/install/aarch64-none-circle/lib/libcirclenewlib.a(io.o)
                0x000000000008ca1c                int call_glueio_func_void_arg<&(anonymous namespace)::CGlueIO::IsATty>(int)
 .text._Z38call_glueio_func_void_arg_valid_fildesIXadL_ZN12_GLOBAL__N_17CGlueIO5FSyncEvEEEii
                0x000000000008ca6c       0x7c ../MiniDexed/circle-stdlib/install/aarch64-none-circle/lib/libcirclenewlib.a(io.o)
                0x000000000008ca6c                int call_glueio_func_void_arg_valid_fildes<&(anonymous namespace)::CGlueIO::FSync>(int)
 .text._Z38call_glueio_func_void_arg_valid_fildesIXadL_ZN12_GLOBAL__N_17CGlueIO6IsATtyEvEEEii
                0x000000000008cae8       0x7c ../MiniDexed/circle-stdlib/install/aarch64-none-circle/lib/libcirclenewlib.a(io.o)
                0x000000000008cae8                int call_glueio_func_void_arg_valid_fildes<&(anonymous namespace)::CGlueIO::IsATty>(int)
 .text          0x000000000008cb64       0x94 ../MiniDexed/circle-stdlib/install/aarch64-none-circle/lib/libcirclenewlib.a(mem.o)
                0x000000000008cb64                _malloc_r
                0x000000000008cb84                _free_r
                0x000000000008cba8                _realloc_r
                0x000000000008cbd0                _calloc_r
 *fill*         0x000000000008cbf8        0x8 
 .text          0x000000000008cc00      0x898 ../MiniDexed/circle-stdlib/libs/circle/addon/display/libdisplay.a(hd44780device.o)
                0x000000000008cc00                CHD44780Device::DevUpdateDisplay()
                0x000000000008cc10                CHD44780Device::WriteHalfByte(unsigned char, int)
                0x000000000008cd40                CHD44780Device::WriteByte(unsigned char, int)
                0x000000000008cd80                CHD44780Device::DefineCharFont(char, unsigned char const*)
                0x000000000008ce30                CHD44780Device::DevClearCursor()
                0x000000000008ce70                CHD44780Device::DevSetCursorMode(bool)
                0x000000000008ced0                CHD44780Device::Initialize()
                0x000000000008cf50                CHD44780Device::GetDDRAMAddress(unsigned int, unsigned int)
                0x000000000008cff0                CHD44780Device::DevSetChar(unsigned int, unsigned int, char)
                0x000000000008d070                CHD44780Device::DevSetCursor(unsigned int, unsigned int)
                0x000000000008d0c0                CHD44780Device::CHD44780Device(unsigned int, unsigned int, unsigned int, unsigned int, unsigned int, unsigned int, unsigned int, unsigned int, unsigned int, bool)
                0x000000000008d0c0                CHD44780Device::CHD44780Device(unsigned int, unsigned int, unsigned int, unsigned int, unsigned int, unsigned int, unsigned int, unsigned int, unsigned int, bool)
                0x000000000008d2c0                CHD44780Device::CHD44780Device(CI2CMaster*, unsigned char, unsigned int, unsigned int, bool)
                0x000000000008d2c0                CHD44780Device::CHD44780Device(CI2CMaster*, unsigned char, unsigned int, unsigned int, bool)
                0x000000000008d3e0                CHD44780Device::~CHD44780Device()
                0x000000000008d3e0                CHD44780Device::~CHD44780Device()
                0x000000000008d470                CHD44780Device::~CHD44780Device()
 *fill*         0x000000000008d498        0x8 
 .text          0x000000000008d4a0     0x1234 ../MiniDexed/circle-stdlib/libs/circle/addon/display/libdisplay.a(st7789display.o)
                0x000000000008d4a0                CST7789Display::SetRotation(unsigned int)
                0x000000000008d4d0                CST7789Display::RotX(unsigned int, unsigned int)
                0x000000000008d520                CST7789Display::RotY(unsigned int, unsigned int)
                0x000000000008d570                CST7789Display::SendByte(unsigned char, bool)
                0x000000000008d610                CST7789Display::On()
                0x000000000008d630                CST7789Display::Off()
                0x000000000008d640                CST7789Display::SetWindow(unsigned int, unsigned int, unsigned int, unsigned int)
                0x000000000008d7b0                CST7789Display::SendData(void const*, unsigned long)
                0x000000000008d890                CST7789Display::Clear(unsigned short)
                0x000000000008d970                CST7789Display::Initialize()
                0x000000000008de70                CST7789Display::SetPixel(unsigned int, unsigned int, unsigned short)
                0x000000000008df20                CST7789Display::SetPixel(unsigned int, unsigned int, unsigned int)
                0x000000000008df30                CST7789Display::DrawText(unsigned int, unsigned int, char const*, unsigned short, unsigned short, bool, bool, TFont const&)
                0x000000000008e210                CST7789Display::SetArea(CDisplay::TArea const&, void const*, void (*)(void*), void*)
                0x000000000008e4a0                CST7789Display::CST7789Display(CSPIMaster*, unsigned int, unsigned int, unsigned int, unsigned int, unsigned int, unsigned int, unsigned int, unsigned int, unsigned int, bool)
                0x000000000008e4a0                CST7789Display::CST7789Display(CSPIMaster*, unsigned int, unsigned int, unsigned int, unsigned int, unsigned int, unsigned int, unsigned int, unsigned int, unsigned int, bool)
                0x000000000008e630                CST7789Display::~CST7789Display()
                0x000000000008e630                CST7789Display::~CST7789Display()
                0x000000000008e680                CST7789Display::~CST7789Display()
 *fill*         0x000000000008e6d4        0xc 
 .text._ZNK14CST7789Display8GetWidthEv
                0x000000000008e6e0        0x8 ../MiniDexed/circle-stdlib/libs/circle/addon/display/libdisplay.a(st7789display.o)
                0x000000000008e6e0                CST7789Display::GetWidth() const
 *fill*         0x000000000008e6e8        0x8 
 .text._ZNK14CST7789Display9GetHeightEv
                0x000000000008e6f0        0x8 ../MiniDexed/circle-stdlib/libs/circle/addon/display/libdisplay.a(st7789display.o)
                0x000000000008e6f0                CST7789Display::GetHeight() const
 *fill*         0x000000000008e6f8        0x8 
 .text._ZNK14CST7789Display8GetDepthEv
                0x000000000008e700        0x8 ../MiniDexed/circle-stdlib/libs/circle/addon/display/libdisplay.a(st7789display.o)
                0x000000000008e700                CST7789Display::GetDepth() const
 *fill*         0x000000000008e708        0x8 
 .text          0x000000000008e710      0xed4 ../MiniDexed/circle-stdlib/libs/circle/addon/display/libdisplay.a(chardevice.o)
                0x000000000008e7a0                CCharDevice::CCharDevice(unsigned int, unsigned int)
                0x000000000008e7a0                CCharDevice::CCharDevice(unsigned int, unsigned int)
                0x000000000008e860                CCharDevice::~CCharDevice()
                0x000000000008e860                CCharDevice::~CCharDevice()
                0x000000000008e8a0                CCharDevice::~CCharDevice()
                0x000000000008e8e0                CCharDevice::Initialize()
                0x000000000008e980                CCharDevice::GetColumns() const
                0x000000000008e990                CCharDevice::GetRows() const
                0x000000000008e9a0                CCharDevice::CarriageReturn()
                0x000000000008e9b0                CCharDevice::ClearDisplayEnd()
                0x000000000008eb20                CCharDevice::ClearLineEnd()
                0x000000000008ebb0                CCharDevice::CursorHome()
                0x000000000008ebc0                CCharDevice::CursorLeft()
                0x000000000008ec00                CCharDevice::CursorMove(unsigned int, unsigned int)
                0x000000000008ec30                CCharDevice::CursorUp()
                0x000000000008ec50                CCharDevice::EraseChars(unsigned int)
                0x000000000008ec60                CCharDevice::SetAutoPageMode(bool)
                0x000000000008ec70                CCharDevice::SetCursorMode(bool)
                0x000000000008ec90                CCharDevice::Scroll()
                0x000000000008edc0                CCharDevice::CursorDown()
                0x000000000008ee20                CCharDevice::NewLine()
                0x000000000008ee80                CCharDevice::CursorRight()
                0x000000000008eef0                CCharDevice::Tabulator()
                0x000000000008ef70                CCharDevice::DisplayChar(char)
                0x000000000008f050                CCharDevice::Write(char)
                0x000000000008f4a0                CCharDevice::Write(void const*, unsigned long)
                0x000000000008f570                CCharDevice::SetChar(unsigned int, unsigned int, char)
                0x000000000008f5c0                CCharDevice::SetCursor()
 *fill*         0x000000000008f5e4        0xc 
 .text          0x000000000008f5f0      0x790 ../MiniDexed/circle-stdlib/libs/circle/addon/display/libdisplay.a(ssd1306device.o)
                0x000000000008f5f0                CSSD1306Device::DevSetCursorMode(bool)
                0x000000000008f600                CSSD1306Device::DevSetCursor(unsigned int, unsigned int)
                0x000000000008f610                CSSD1306Device::~CSSD1306Device()
                0x000000000008f610                CSSD1306Device::~CSSD1306Device()
                0x000000000008f620                CSSD1306Device::~CSSD1306Device()
                0x000000000008f660                CSSD1306Device::DevUpdateDisplay()
                0x000000000008f6d0                CSSD1306Device::CSSD1306Device(unsigned int, unsigned int, CI2CMaster*, unsigned char, bool, bool)
                0x000000000008f6d0                CSSD1306Device::CSSD1306Device(unsigned int, unsigned int, CI2CMaster*, unsigned char, bool, bool)
                0x000000000008f770                CSSD1306Device::Initialize()
                0x000000000008f8f0                CSSD1306Device::WriteCommand(unsigned char) const
                0x000000000008f930                CSSD1306Device::WriteFrameBuffer(bool) const
                0x000000000008f9d0                CSSD1306Device::DevClearCursor()
                0x000000000008fa20                CSSD1306Device::SwapFrameBuffers()
                0x000000000008fa40                CSSD1306Device::DrawChar(char, unsigned char, unsigned char, bool, bool)
                0x000000000008fb70                CSSD1306Device::DevSetChar(unsigned int, unsigned int, char)
                0x000000000008fb90                CSSD1306Device::Flip()
                0x000000000008fbd0                CSSD1306Device::Print(char const*, unsigned char, unsigned char, bool, bool)
                0x000000000008fce0                CSSD1306Device::Clear(bool)
                0x000000000008fd40                CSSD1306Device::SetBacklightState(bool)
 .text          0x000000000008fd80      0x2f4 ../MiniDexed/circle-stdlib/libs/circle/addon/display/libdisplay.a(st7789device.o)
                0x000000000008fd80                CST7789Device::DevSetCursorMode(bool)
                0x000000000008fd90                CST7789Device::DevSetCursor(unsigned int, unsigned int)
                0x000000000008fda0                CST7789Device::DevUpdateDisplay()
                0x000000000008fdb0                CST7789Device::~CST7789Device()
                0x000000000008fdb0                CST7789Device::~CST7789Device()
                0x000000000008fdc0                CST7789Device::~CST7789Device()
                0x000000000008fe00                CST7789Device::DevClearCursor()
                0x000000000008fe10                CST7789Device::DevSetChar(unsigned int, unsigned int, char)
                0x000000000008fe90                CST7789Device::CST7789Device(CSPIMaster*, CST7789Display*, unsigned int, unsigned int, TFont const&, bool, bool, bool)
                0x000000000008fe90                CST7789Device::CST7789Device(CSPIMaster*, CST7789Display*, unsigned int, unsigned int, TFont const&, bool, bool, bool)
                0x000000000008ff10                CST7789Device::Initialize()
 *fill*         0x0000000000090074        0xc 
 .text          0x0000000000090080      0x74c ../MiniDexed/circle-stdlib/libs/circle/addon/sensor/libsensor.a(ky040.o)
                0x0000000000090080                CKY040::EncoderInterruptHandler(void*)
                0x0000000000090180                CKY040::SwitchInterruptHandler(void*)
                0x00000000000901f0                CKY040::Initialize()
                0x00000000000902f0                CKY040::RegisterEventHandler(void (*)(CKY040::TEvent, void*), void*)
                0x0000000000090350                CKY040::GetHoldSeconds() const
                0x0000000000090360                CKY040::HandleSwitchEvent(CKY040::TSwitchEvent)
                0x0000000000090420                CKY040::Update()
                0x0000000000090520                CKY040::SwitchDebounceHandler(unsigned long, void*, void*)
                0x00000000000905d0                CKY040::SwitchTickHandler(unsigned long, void*, void*)
                0x0000000000090630                CKY040::CKY040(unsigned int, unsigned int, unsigned int, CGPIOManager*)
                0x0000000000090630                CKY040::CKY040(unsigned int, unsigned int, unsigned int, CGPIOManager*)
                0x0000000000090700                CKY040::~CKY040()
                0x0000000000090700                CKY040::~CKY040()
 *fill*         0x00000000000907cc        0x4 
 .text          0x00000000000907d0      0xf40 ../MiniDexed/circle-stdlib/libs/circle/addon/Properties/libproperties.a(properties.o)
                0x0000000000090860                CProperties::CProperties()
                0x0000000000090860                CProperties::CProperties()
                0x00000000000908b0                CProperties::IsSet(char const*) const
                0x00000000000908e0                CProperties::GetString(char const*, char const*) const
                0x0000000000090920                CProperties::GetNumber(char const*, unsigned int) const
                0x00000000000909b0                CProperties::GetSignedNumber(char const*, int) const
                0x0000000000090a50                CProperties::GetIPAddress(char const*)
                0x0000000000090b50                CProperties::GetFirst()
                0x0000000000090be0                CProperties::GetSectionName() const
                0x0000000000090bf0                CProperties::GetName() const
                0x0000000000090cd0                CProperties::GetValue() const
                0x0000000000090db0                CProperties::LookupSection(char const*) const
                0x0000000000090e60                CProperties::SelectSection(char const*)
                0x0000000000090ea0                CProperties::GetNext()
                0x0000000000090fc0                CProperties::Lookup(char const*) const
                0x0000000000090fe0                CProperties::Dump(char const*) const
                0x0000000000091130                CProperties::RemoveAll()
                0x0000000000091260                CProperties::~CProperties()
                0x0000000000091260                CProperties::~CProperties()
                0x0000000000091290                CProperties::AddProperty(char const*, char const*)
                0x0000000000091430                CProperties::SetString(char const*, char const*)
                0x00000000000914e0                CProperties::SetNumber(char const*, unsigned int, unsigned int)
                0x00000000000915b0                CProperties::SetSignedNumber(char const*, int)
                0x0000000000091650                CProperties::SetIPAddress(char const*, unsigned char const*)
 .text          0x0000000000091710      0x480 ../MiniDexed/circle-stdlib/libs/circle/addon/Properties/libproperties.a(propertiesfatfsfile.o)
                0x0000000000091710                CPropertiesFatFsFile::Load()
                0x0000000000091880                CPropertiesFatFsFile::CPropertiesFatFsFile(char const*, FATFS*)
                0x0000000000091880                CPropertiesFatFsFile::CPropertiesFatFsFile(char const*, FATFS*)
                0x00000000000918e0                CPropertiesFatFsFile::~CPropertiesFatFsFile()
                0x00000000000918e0                CPropertiesFatFsFile::~CPropertiesFatFsFile()
                0x0000000000091920                CPropertiesFatFsFile::Save()
                0x0000000000091b50                CPropertiesFatFsFile::~CPropertiesFatFsFile()
 .text          0x0000000000091b90      0x608 ../MiniDexed/circle-stdlib/libs/circle/addon/Properties/libproperties.a(propertiesbasefile.o)
                0x0000000000091b90                CPropertiesBaseFile::CPropertiesBaseFile()
                0x0000000000091b90                CPropertiesBaseFile::CPropertiesBaseFile()
                0x0000000000091be0                CPropertiesBaseFile::~CPropertiesBaseFile()
                0x0000000000091be0                CPropertiesBaseFile::~CPropertiesBaseFile()
                0x0000000000091bf0                CPropertiesBaseFile::~CPropertiesBaseFile()
                0x0000000000091c30                CPropertiesBaseFile::GetErrorLine() const
                0x0000000000091c40                CPropertiesBaseFile::ResetErrorLine()
                0x0000000000091c50                CPropertiesBaseFile::Parse(char)
                0x0000000000092150                CPropertiesBaseFile::IsValidNameChar(char)
 *fill*         0x0000000000092198        0x8 
 .text          0x00000000000921a0     0x1488 ../MiniDexed/circle-stdlib/libs/circle/addon/SDCard/libsdcard.a(emmc.o)
                0x00000000000921a0                CEMMCDevice::Seek(unsigned long)
                0x00000000000921b0                CEMMCDevice::GetSize() const
                0x00000000000921c0                CEMMCDevice::GetCSDField(unsigned int, unsigned int) const
                0x0000000000092220                CEMMCDevice::usDelay(unsigned int)
                0x0000000000092250                CEMMCDevice::LogWrite(TLogSeverity, char const*, ...)
                0x0000000000092300                CEMMCDevice::IssueCommandInt(unsigned int, unsigned int, int)
                0x00000000000924c0                CEMMCDevice::IssueCommand(unsigned int, unsigned int, int)
                0x00000000000925f0                CEMMCDevice::DoDataCommand(int, unsigned char*, unsigned long, unsigned int)
                0x0000000000092780                CEMMCDevice::CardReset()
                0x0000000000092ef0                CEMMCDevice::CardInit()
                0x0000000000092f50                CEMMCDevice::EnsureDataMode()
                0x00000000000930e0                CEMMCDevice::DoRead(unsigned char*, unsigned long, unsigned int)
                0x0000000000093140                CEMMCDevice::DoWrite(unsigned char*, unsigned long, unsigned int)
                0x00000000000931a0                CEMMCDevice::Read(void*, unsigned long)
                0x0000000000093280                CEMMCDevice::Write(void const*, unsigned long)
                0x0000000000093360                CEMMCDevice::GetID()
                0x0000000000093370                CEMMCDevice::CEMMCDevice(CInterruptSystem*, CTimer*, CActLED*)
                0x0000000000093370                CEMMCDevice::CEMMCDevice(CInterruptSystem*, CTimer*, CActLED*)
                0x0000000000093460                CEMMCDevice::~CEMMCDevice()
                0x0000000000093460                CEMMCDevice::~CEMMCDevice()
                0x00000000000934e0                CEMMCDevice::~CEMMCDevice()
                0x0000000000093510                CEMMCDevice::Initialize()
 *fill*         0x0000000000093628        0x8 
 .text          0x0000000000093630      0x424 ../MiniDexed/circle-stdlib/libs/circle/addon/SDCard/libsdcard.a(mmchost.o)
                0x0000000000093630                CMMCHost::CMMCHost()
                0x0000000000093630                CMMCHost::CMMCHost()
                0x0000000000093660                CMMCHost::~CMMCHost()
                0x0000000000093660                CMMCHost::~CMMCHost()
                0x0000000000093670                CMMCHost::~CMMCHost()
                0x0000000000093680                CMMCHost::SetClock(unsigned int)
                0x00000000000936a0                CMMCHost::SetBusWidth(unsigned int)
                0x00000000000936f0                CMMCHost::RequestSync(mmc_request*)
                0x0000000000093750                CMMCHost::PrepareRequest(mmc_request*)
                0x0000000000093800                CMMCHost::Command(mmc_command*, unsigned int)
                0x0000000000093920                mmc_request_done(mmc_host*, mmc_request*)
                0x0000000000093960                CMMCHost::sg_miter_start(sg_mapping_iter*, void*, unsigned int, unsigned int)
                0x00000000000939d0                CMMCHost::sg_miter_next(sg_mapping_iter*)
                0x0000000000093a50                CMMCHost::sg_miter_stop(sg_mapping_iter*)
 *fill*         0x0000000000093a54        0xc 
 .text          0x0000000000093a60     0x27e0 ../MiniDexed/circle-stdlib/libs/circle/addon/SDCard/libsdcard.a(sdhost.o)
                0x0000000000093b00                CSDHOSTDevice::~CSDHOSTDevice()
                0x0000000000093b00                CSDHOSTDevice::~CSDHOSTDevice()
                0x0000000000093bb0                CSDHOSTDevice::~CSDHOSTDevice()
                0x0000000000093be0                CSDHOSTDevice::CSDHOSTDevice(CInterruptSystem*, CTimer*)
                0x0000000000093be0                CSDHOSTDevice::CSDHOSTDevice(CInterruptSystem*, CTimer*)
                0x0000000000093dc0                CSDHOSTDevice::set_sdhost_clock(unsigned int*)
                0x0000000000093e50                CSDHOSTDevice::dumpcmd(mmc_command*, char const*)
                0x0000000000093e60                CSDHOSTDevice::dumpregs()
                0x0000000000094150                CSDHOSTDevice::set_power(bool)
                0x0000000000094170                CSDHOSTDevice::reset_internal()
                0x0000000000094270                CSDHOSTDevice::Reset()
                0x00000000000942b0                CSDHOSTDevice::reset(mmc_host*)
                0x00000000000942f0                CSDHOSTDevice::wait_transfer_complete()
                0x00000000000943f0                CSDHOSTDevice::read_block_pio()
                0x0000000000094640                CSDHOSTDevice::write_block_pio()
                0x0000000000094890                CSDHOSTDevice::transfer_pio()
                0x00000000000949c0                CSDHOSTDevice::set_transfer_irqs()
                0x00000000000949f0                CSDHOSTDevice::prepare_data(mmc_command*)
                0x0000000000094b60                CSDHOSTDevice::set_clock(unsigned int)
                0x0000000000094e10                CSDHOSTDevice::set_ios(mmc_host*, mmc_ios*)
                0x0000000000094f10                CSDHOSTDevice::SetIOS(mmc_ios*)
                0x0000000000094f40                CSDHOSTDevice::init(int)
                0x0000000000094fa0                CSDHOSTDevice::tasklet_finish()
                0x0000000000095100                CSDHOSTDevice::send_command(mmc_command*)
                0x0000000000095360                CSDHOSTDevice::finish_command()
                0x0000000000095770                CSDHOSTDevice::transfer_complete()
                0x0000000000095870                CSDHOSTDevice::finish_data()
                0x0000000000095910                CSDHOSTDevice::data_irq(unsigned int)
                0x00000000000959f0                CSDHOSTDevice::block_irq(unsigned int)
                0x0000000000095ae0                CSDHOSTDevice::busy_irq(unsigned int)
                0x0000000000095c30                CSDHOSTDevice::irq_handler()
                0x0000000000095ce0                CSDHOSTDevice::irq_stub(void*)
                0x0000000000095d10                CSDHOSTDevice::request(mmc_host*, mmc_request*)
                0x0000000000095f90                CSDHOSTDevice::Request(mmc_request*)
                0x0000000000095fc0                CSDHOSTDevice::add_host()
                0x00000000000960c0                CSDHOSTDevice::probe()
                0x00000000000961f0                CSDHOSTDevice::Initialize()
                0x0000000000096210                CSDHOSTDevice::remove()
 .text          0x0000000000096240      0x66c ../MiniDexed/circle-stdlib/libs/circle/lib/usb/libusb.a(usbhostcontroller.o)
                0x0000000000096240                CUSBHostController::UpdatePlugAndPlay()
                0x0000000000096370                CUSBHostController::CUSBHostController(bool)
                0x0000000000096370                CUSBHostController::CUSBHostController(bool)
                0x00000000000963e0                CUSBHostController::~CUSBHostController()
                0x00000000000963e0                CUSBHostController::~CUSBHostController()
                0x0000000000096420                CUSBHostController::~CUSBHostController()
                0x0000000000096470                CUSBHostController::ControlMessage(CUSBEndpoint*, unsigned char, unsigned char, unsigned short, unsigned short, void*, unsigned short)
                0x00000000000965a0                CUSBHostController::GetDescriptor(CUSBEndpoint*, unsigned char, unsigned char, void*, unsigned int, unsigned char, unsigned short)
                0x00000000000965d0                CUSBHostController::SetAddress(CUSBEndpoint*, unsigned char)
                0x0000000000096620                CUSBHostController::SetConfiguration(CUSBEndpoint*, unsigned char)
                0x0000000000096670                CUSBHostController::Transfer(CUSBEndpoint*, void*, unsigned int, unsigned int)
                0x00000000000966f0                CUSBHostController::IsPlugAndPlay() const
                0x0000000000096700                CUSBHostController::PortStatusChanged(CUSBHCIRootPort*)
                0x00000000000967c0                CUSBHostController::PortStatusChanged(CUSBStandardHub*)
                0x0000000000096880                CUSBHostController::Get()
 *fill*         0x00000000000968ac        0x4 
 .text._ZN18CUSBHostController24CancelDeviceTransactionsEP10CUSBDevice
                0x00000000000968b0        0x4 ../MiniDexed/circle-stdlib/libs/circle/lib/usb/libusb.a(usbhostcontroller.o)
                0x00000000000968b0                CUSBHostController::CancelDeviceTransactions(CUSBDevice*)
 *fill*         0x00000000000968b4        0xc 
 .text          0x00000000000968c0      0x7f8 ../MiniDexed/circle-stdlib/libs/circle/lib/usb/libusb.a(usbmidi.o)
                0x00000000000968c0                CUSBMIDIDevice::~CUSBMIDIDevice()
                0x00000000000968c0                CUSBMIDIDevice::~CUSBMIDIDevice()
                0x0000000000096950                CUSBMIDIDevice::~CUSBMIDIDevice()
                0x00000000000969b0                CUSBMIDIDevice::CUSBMIDIDevice()
                0x00000000000969b0                CUSBMIDIDevice::CUSBMIDIDevice()
                0x0000000000096a40                CUSBMIDIDevice::RegisterPacketHandler(void (*)(unsigned int, unsigned char*, unsigned int))
                0x0000000000096aa0                CUSBMIDIDevice::RegisterPacketHandler(void (*)(unsigned int, unsigned char*, unsigned int, unsigned int, void*), void*)
                0x0000000000096b00                CUSBMIDIDevice::SendEventPackets(unsigned char const*, unsigned int)
                0x0000000000096b30                CUSBMIDIDevice::SendPlainMIDI(unsigned int, unsigned char const*, unsigned int)
                0x0000000000096f50                CUSBMIDIDevice::SetAllSoundOffOnUSBError(bool)
                0x0000000000096f60                CUSBMIDIDevice::CallPacketHandler(unsigned char*, unsigned int)
                0x0000000000097050                CUSBMIDIDevice::RegisterSendEventsHandler(bool (*)(unsigned char const*, unsigned int, void*), void*)
                0x00000000000970b0                CUSBMIDIDevice::GetAllSoundOffOnUSBError() const
 *fill*         0x00000000000970b8        0x8 
 .text.startup  0x00000000000970c0       0x44 ../MiniDexed/circle-stdlib/libs/circle/lib/usb/libusb.a(usbmidi.o)
 *fill*         0x0000000000097104        0xc 
 .text          0x0000000000097110      0x534 ../MiniDexed/circle-stdlib/libs/circle/lib/usb/libusb.a(usbrequest.o)
                0x0000000000097110                CUSBRequest::CUSBRequest(CUSBEndpoint*, void*, unsigned int, TSetupData*)
                0x0000000000097110                CUSBRequest::CUSBRequest(CUSBEndpoint*, void*, unsigned int, TSetupData*)
                0x0000000000097180                CUSBRequest::~CUSBRequest()
                0x0000000000097180                CUSBRequest::~CUSBRequest()
                0x0000000000097190                CUSBRequest::GetEndpoint() const
                0x00000000000971c0                CUSBRequest::SetStatus(int)
                0x00000000000971d0                CUSBRequest::SetResultLen(unsigned int)
                0x00000000000971e0                CUSBRequest::SetUSBError(TUSBError)
                0x00000000000971f0                CUSBRequest::GetStatus() const
                0x0000000000097200                CUSBRequest::GetResultLength() const
                0x0000000000097230                CUSBRequest::GetUSBError() const
                0x0000000000097260                CUSBRequest::GetSetupData()
                0x00000000000972c0                CUSBRequest::GetBuffer()
                0x0000000000097300                CUSBRequest::GetBufLen() const
                0x0000000000097310                CUSBRequest::AddIsoPacket(unsigned short)
                0x0000000000097390                CUSBRequest::GetNumIsoPackets() const
                0x00000000000973c0                CUSBRequest::GetIsoPacketSize(unsigned int) const
                0x0000000000097400                CUSBRequest::SetCompletionRoutine(void (*)(CUSBRequest*, void*, void*), void*, void*)
                0x0000000000097430                CUSBRequest::CallCompletionRoutine()
                0x0000000000097460                CUSBRequest::SetCompleteOnNAK()
                0x0000000000097470                CUSBRequest::IsCompleteOnNAK() const
                0x0000000000097480                CUSBRequest::operator new(unsigned long)
                0x00000000000974d0                CUSBRequest::operator delete(void*, unsigned long)
                0x0000000000097530                CUSBRequest::InitAllocator(unsigned int)
                0x00000000000975b0                CUSBRequest::InitProtectedAllocator(unsigned int, unsigned int)
 *fill*         0x0000000000097644        0xc 
 .text          0x0000000000097650     0x11d8 ../MiniDexed/circle-stdlib/libs/circle/lib/usb/libusb.a(usbstandardhub.o)
                0x0000000000097650                CUSBStandardHub::~CUSBStandardHub()
                0x0000000000097650                CUSBStandardHub::~CUSBStandardHub()
                0x0000000000097750                CUSBStandardHub::~CUSBStandardHub()
                0x0000000000097780                CUSBStandardHub::CUSBStandardHub(CUSBFunction*)
                0x0000000000097780                CUSBStandardHub::CUSBStandardHub(CUSBFunction*)
                0x00000000000977d0                CUSBStandardHub::DisablePort(unsigned int)
                0x00000000000978a0                CUSBStandardHub::RemoveDeviceAt(unsigned int)
                0x0000000000097900                CUSBStandardHub::StartStatusChangeRequest()
                0x00000000000979f0                CUSBStandardHub::CompletionRoutine(CUSBRequest*)
                0x0000000000097ac0                CUSBStandardHub::CompletionStub(CUSBRequest*, void*, void*)
                0x0000000000097af0                CUSBStandardHub::Initialize()
                0x0000000000097c20                CUSBStandardHub::EnumeratePorts()
                0x00000000000982d0                CUSBStandardHub::ReScanDevices()
                0x00000000000982e0                CUSBStandardHub::Configure()
                0x0000000000098490                CUSBStandardHub::HandlePortStatusChange()
 *fill*         0x0000000000098828        0x8 
 .text.startup  0x0000000000098830       0x44 ../MiniDexed/circle-stdlib/libs/circle/lib/usb/libusb.a(usbstandardhub.o)
 *fill*         0x0000000000098874        0xc 
 .text          0x0000000000098880     0x3280 ../MiniDexed/circle-stdlib/libs/circle/lib/usb/libusb.a(dwhcidevice.o)
                0x0000000000098880                CDWHCIDevice::CancelDeviceTransactions(CUSBDevice*)
                0x0000000000098890                CDWHCIDevice::CompletionRoutine(CUSBRequest*, void*, void*)
                0x00000000000988e0                CDWHCIDevice::DeviceConnected()
                0x0000000000098940                CDWHCIDevice::GetPortSpeed()
                0x00000000000989b0                CDWHCIDevice::OvercurrentDetected()
                0x0000000000098a10                CDWHCIDevice::DisableRootPort(bool)
                0x0000000000098aa0                CDWHCIDevice::PowerOn()
                0x0000000000098b20                CDWHCIDevice::Reset()
                0x0000000000098c20                CDWHCIDevice::InitCore()
                0x0000000000098ef0                CDWHCIDevice::EnableGlobalInterrupts()
                0x0000000000098f50                CDWHCIDevice::EnableCommonInterrupts()
                0x0000000000098fb0                CDWHCIDevice::EnableHostInterrupts()
                0x0000000000099080                CDWHCIDevice::EnableChannelInterrupt(unsigned int)
                0x0000000000099100                CDWHCIDevice::DisableChannelInterrupt(unsigned int)
                0x0000000000099180                CDWHCIDevice::FlushTxFIFO(unsigned int)
                0x0000000000099260                CDWHCIDevice::FlushRxFIFO()
                0x0000000000099320                CDWHCIDevice::InitHost()
                0x00000000000995a0                CDWHCIDevice::QueueTransaction(CDWHCITransferStageData*)
                0x0000000000099670                CDWHCIDevice::TransferStageAsync(CUSBRequest*, bool, bool, unsigned int)
                0x0000000000099760                CDWHCIDevice::SubmitAsyncRequest(CUSBRequest*, unsigned int)
                0x0000000000099830                CDWHCIDevice::QueueDelayedTransaction(CDWHCITransferStageData*)
                0x00000000000999e0                CDWHCIDevice::StartChannel(CDWHCITransferStageData*)
                0x0000000000099e60                CDWHCIDevice::StartTransaction(CDWHCITransferStageData*)
                0x0000000000099fb0                CDWHCIDevice::SOFInterruptHandler()
                0x000000000009a120                CDWHCIDevice::AllocateChannel()
                0x000000000009a1d0                CDWHCIDevice::FreeChannel(unsigned int)
                0x000000000009a260                CDWHCIDevice::ChannelInterruptHandler(unsigned int)
                0x000000000009a8e0                CDWHCIDevice::InterruptHandler()
                0x000000000009aae0                CDWHCIDevice::InterruptStub(void*)
                0x000000000009ab10                CDWHCIDevice::AllocateWaitBlock()
                0x000000000009aba0                CDWHCIDevice::FreeWaitBlock(unsigned int)
                0x000000000009ac30                CDWHCIDevice::TransferStage(CUSBRequest*, bool, bool, unsigned int)
                0x000000000009adc0                CDWHCIDevice::SubmitBlockingRequest(CUSBRequest*, unsigned int)
                0x000000000009aff0                CDWHCIDevice::WaitForBit(CDWHCIRegister*, unsigned int, bool, unsigned int)
                0x000000000009b0e0                CDWHCIDevice::EnableRootPort()
                0x000000000009b240                CDWHCIDevice::LogTransactionFailed(unsigned int)
                0x000000000009b2a0                CDWHCIDevice::DumpRegister(char const*, unsigned int)
                0x000000000009b320                CDWHCIDevice::DumpStatus(unsigned int)
                0x000000000009b4f0                CDWHCIDevice::CDWHCIDevice(CInterruptSystem*, CTimer*, bool)
                0x000000000009b4f0                CDWHCIDevice::CDWHCIDevice(CInterruptSystem*, CTimer*, bool)
                0x000000000009b680                CDWHCIDevice::~CDWHCIDevice()
                0x000000000009b680                CDWHCIDevice::~CDWHCIDevice()
                0x000000000009b770                CDWHCIDevice::~CDWHCIDevice()
                0x000000000009b7a0                CDWHCIDevice::ReScanDevices()
                0x000000000009b850                CDWHCIDevice::Initialize(bool)
 .text          0x000000000009bb00      0x500 ../MiniDexed/circle-stdlib/libs/circle/lib/usb/libusb.a(dwhciframeschednper.o)
                0x000000000009bb00                CDWHCIFrameSchedulerNonPeriodic::~CDWHCIFrameSchedulerNonPeriodic()
                0x000000000009bb00                CDWHCIFrameSchedulerNonPeriodic::~CDWHCIFrameSchedulerNonPeriodic()
                0x000000000009bb10                CDWHCIFrameSchedulerNonPeriodic::StartSplit()
                0x000000000009bb30                CDWHCIFrameSchedulerNonPeriodic::IsOddFrame() const
                0x000000000009bb40                CDWHCIFrameSchedulerNonPeriodic::PeriodicDelay(unsigned short)
                0x000000000009bb60                CDWHCIFrameSchedulerNonPeriodic::TransactionComplete(unsigned int)
                0x000000000009bc70                CDWHCIFrameSchedulerNonPeriodic::GetFrameNumber()
                0x000000000009bd10                CDWHCIFrameSchedulerNonPeriodic::CompleteSplit()
                0x000000000009bd90                CDWHCIFrameSchedulerNonPeriodic::~CDWHCIFrameSchedulerNonPeriodic()
                0x000000000009bdd0                CDWHCIFrameSchedulerNonPeriodic::CDWHCIFrameSchedulerNonPeriodic()
                0x000000000009bdd0                CDWHCIFrameSchedulerNonPeriodic::CDWHCIFrameSchedulerNonPeriodic()
                0x000000000009be30                CDWHCIFrameSchedulerNonPeriodic::operator new(unsigned long)
                0x000000000009be90                CDWHCIFrameSchedulerNonPeriodic::operator delete(void*, unsigned long)
                0x000000000009bef0                CDWHCIFrameSchedulerNonPeriodic::InitAllocator(unsigned int)
                0x000000000009bf70                CDWHCIFrameSchedulerNonPeriodic::InitProtectedAllocator(unsigned int, unsigned int)
 .text          0x000000000009c000      0x390 ../MiniDexed/circle-stdlib/libs/circle/lib/usb/libusb.a(dwhciframeschednsplit.o)
                0x000000000009c000                CDWHCIFrameSchedulerNoSplit::~CDWHCIFrameSchedulerNoSplit()
                0x000000000009c000                CDWHCIFrameSchedulerNoSplit::~CDWHCIFrameSchedulerNoSplit()
                0x000000000009c010                CDWHCIFrameSchedulerNoSplit::StartSplit()
                0x000000000009c030                CDWHCIFrameSchedulerNoSplit::CompleteSplit()
                0x000000000009c050                CDWHCIFrameSchedulerNoSplit::TransactionComplete(unsigned int)
                0x000000000009c070                CDWHCIFrameSchedulerNoSplit::PeriodicDelay(unsigned short)
                0x000000000009c090                CDWHCIFrameSchedulerNoSplit::GetFrameNumber()
                0x000000000009c100                CDWHCIFrameSchedulerNoSplit::IsOddFrame() const
                0x000000000009c160                CDWHCIFrameSchedulerNoSplit::~CDWHCIFrameSchedulerNoSplit()
                0x000000000009c1a0                CDWHCIFrameSchedulerNoSplit::CDWHCIFrameSchedulerNoSplit(bool)
                0x000000000009c1a0                CDWHCIFrameSchedulerNoSplit::CDWHCIFrameSchedulerNoSplit(bool)
                0x000000000009c1c0                CDWHCIFrameSchedulerNoSplit::operator new(unsigned long)
                0x000000000009c220                CDWHCIFrameSchedulerNoSplit::operator delete(void*, unsigned long)
                0x000000000009c280                CDWHCIFrameSchedulerNoSplit::InitAllocator(unsigned int)
                0x000000000009c300                CDWHCIFrameSchedulerNoSplit::InitProtectedAllocator(unsigned int, unsigned int)
 .text          0x000000000009c390      0x5a0 ../MiniDexed/circle-stdlib/libs/circle/lib/usb/libusb.a(dwhciframeschedper.o)
                0x000000000009c390                CDWHCIFrameSchedulerPeriodic::~CDWHCIFrameSchedulerPeriodic()
                0x000000000009c390                CDWHCIFrameSchedulerPeriodic::~CDWHCIFrameSchedulerPeriodic()
                0x000000000009c3a0                CDWHCIFrameSchedulerPeriodic::StartSplit()
                0x000000000009c3c0                CDWHCIFrameSchedulerPeriodic::PeriodicDelay(unsigned short)
                0x000000000009c3e0                CDWHCIFrameSchedulerPeriodic::TransactionComplete(unsigned int)
                0x000000000009c4f0                CDWHCIFrameSchedulerPeriodic::GetFrameNumber()
                0x000000000009c5b0                CDWHCIFrameSchedulerPeriodic::IsOddFrame() const
                0x000000000009c610                CDWHCIFrameSchedulerPeriodic::CompleteSplit()
                0x000000000009c6c0                CDWHCIFrameSchedulerPeriodic::~CDWHCIFrameSchedulerPeriodic()
                0x000000000009c700                CDWHCIFrameSchedulerPeriodic::CDWHCIFrameSchedulerPeriodic()
                0x000000000009c700                CDWHCIFrameSchedulerPeriodic::CDWHCIFrameSchedulerPeriodic()
                0x000000000009c760                CDWHCIFrameSchedulerPeriodic::operator new(unsigned long)
                0x000000000009c7c0                CDWHCIFrameSchedulerPeriodic::operator delete(void*, unsigned long)
                0x000000000009c820                CDWHCIFrameSchedulerPeriodic::InitAllocator(unsigned int)
                0x000000000009c8a0                CDWHCIFrameSchedulerPeriodic::InitProtectedAllocator(unsigned int, unsigned int)
 .text          0x000000000009c930      0x3a8 ../MiniDexed/circle-stdlib/libs/circle/lib/usb/libusb.a(dwhcirootport.o)
                0x000000000009c930                CDWHCIRootPort::~CDWHCIRootPort()
                0x000000000009c930                CDWHCIRootPort::~CDWHCIRootPort()
                0x000000000009c960                CDWHCIRootPort::RemoveDevice()
                0x000000000009c9c0                CDWHCIRootPort::ReScanDevices()
                0x000000000009ca00                CDWHCIRootPort::HandlePortStatusChange()
                0x000000000009ca80                CDWHCIRootPort::~CDWHCIRootPort()
                0x000000000009cad0                CDWHCIRootPort::CDWHCIRootPort(CDWHCIDevice*)
                0x000000000009cad0                CDWHCIRootPort::CDWHCIRootPort(CDWHCIDevice*)
                0x000000000009cb10                CDWHCIRootPort::Initialize()
 *fill*         0x000000000009ccd8        0x8 
 .text          0x000000000009cce0      0x848 ../MiniDexed/circle-stdlib/libs/circle/lib/usb/libusb.a(dwhcixactqueue.o)
                0x000000000009cce0                TQueueEntry::operator new(unsigned long)
                0x000000000009cd30                TQueueEntry::operator delete(void*, unsigned long)
                0x000000000009cd90                TQueueEntry::InitAllocator(unsigned int)
                0x000000000009ce10                TQueueEntry::InitProtectedAllocator(unsigned int, unsigned int)
                0x000000000009ceb0                CDWHCITransactionQueue::CDWHCITransactionQueue(unsigned int, unsigned int)
                0x000000000009ceb0                CDWHCITransactionQueue::CDWHCITransactionQueue(unsigned int, unsigned int)
                0x000000000009cf20                CDWHCITransactionQueue::Flush()
                0x000000000009d060                CDWHCITransactionQueue::~CDWHCITransactionQueue()
                0x000000000009d060                CDWHCITransactionQueue::~CDWHCITransactionQueue()
                0x000000000009d090                CDWHCITransactionQueue::FlushDevice(CUSBDevice*)
                0x000000000009d240                CDWHCITransactionQueue::Enqueue(CDWHCITransferStageData*, unsigned short)
                0x000000000009d3e0                CDWHCITransactionQueue::Dequeue(unsigned short)
 *fill*         0x000000000009d528        0x8 
 .text          0x000000000009d530      0xef4 ../MiniDexed/circle-stdlib/libs/circle/lib/usb/libusb.a(dwhcixferstagedata.o)
                0x000000000009d530                CDWHCITransferStageData::CDWHCITransferStageData(unsigned int, CUSBRequest*, bool, bool, unsigned int)
                0x000000000009d530                CDWHCITransferStageData::CDWHCITransferStageData(unsigned int, CUSBRequest*, bool, bool, unsigned int)
                0x000000000009d9a0                CDWHCITransferStageData::~CDWHCITransferStageData()
                0x000000000009d9a0                CDWHCITransferStageData::~CDWHCITransferStageData()
                0x000000000009d9c0                CDWHCITransferStageData::SetChannelNumber(unsigned int)
                0x000000000009d9d0                CDWHCITransferStageData::TransactionComplete(unsigned int, unsigned int, unsigned int)
                0x000000000009dc80                CDWHCITransferStageData::SetSplitComplete(bool)
                0x000000000009dcb0                CDWHCITransferStageData::SetState(unsigned int)
                0x000000000009dcc0                CDWHCITransferStageData::GetState() const
                0x000000000009dcd0                CDWHCITransferStageData::SetSubState(unsigned int)
                0x000000000009dce0                CDWHCITransferStageData::GetSubState() const
                0x000000000009dcf0                CDWHCITransferStageData::GetChannelNumber() const
                0x000000000009dd00                CDWHCITransferStageData::IsPeriodic() const
                0x000000000009dd40                CDWHCITransferStageData::IsIsochronous() const
                0x000000000009dd80                CDWHCITransferStageData::GetDeviceAddress() const
                0x000000000009ddb0                CDWHCITransferStageData::GetEndpointType() const
                0x000000000009de10                CDWHCITransferStageData::GetEndpointNumber() const
                0x000000000009de40                CDWHCITransferStageData::GetMaxPacketSize() const
                0x000000000009de50                CDWHCITransferStageData::GetSpeed() const
                0x000000000009de60                CDWHCITransferStageData::GetPID() const
                0x000000000009dec0                CDWHCITransferStageData::IsDirectionIn() const
                0x000000000009ded0                CDWHCITransferStageData::IsStatusStage() const
                0x000000000009dee0                CDWHCITransferStageData::GetDMAAddress() const
                0x000000000009df10                CDWHCITransferStageData::GetBytesToTransfer() const
                0x000000000009df20                CDWHCITransferStageData::GetPacketsToTransfer() const
                0x000000000009df30                CDWHCITransferStageData::IsSplit() const
                0x000000000009df40                CDWHCITransferStageData::IsSplitComplete() const
                0x000000000009df70                CDWHCITransferStageData::GetHubAddress() const
                0x000000000009dfc0                CDWHCITransferStageData::GetHubPortAddress() const
                0x000000000009e010                CDWHCITransferStageData::GetSplitPosition() const
                0x000000000009e090                CDWHCITransferStageData::GetStatusMask() const
                0x000000000009e0f0                CDWHCITransferStageData::GetTransactionStatus() const
                0x000000000009e120                CDWHCITransferStageData::GetUSBError() const
                0x000000000009e160                CDWHCITransferStageData::IsStageComplete() const
                0x000000000009e170                CDWHCITransferStageData::GetResultLen() const
                0x000000000009e190                CDWHCITransferStageData::IsTimeout() const
                0x000000000009e1e0                CDWHCITransferStageData::IsRetryOK() const
                0x000000000009e1f0                CDWHCITransferStageData::GetURB() const
                0x000000000009e220                CDWHCITransferStageData::GetDevice() const
                0x000000000009e250                CDWHCITransferStageData::GetFrameScheduler() const
                0x000000000009e260                CDWHCITransferStageData::operator new(unsigned long)
                0x000000000009e2b0                CDWHCITransferStageData::operator delete(void*, unsigned long)
                0x000000000009e310                CDWHCITransferStageData::InitAllocator(unsigned int)
                0x000000000009e390                CDWHCITransferStageData::InitProtectedAllocator(unsigned int, unsigned int)
 *fill*         0x000000000009e424        0xc 
 .text          0x000000000009e430      0x650 ../MiniDexed/circle-stdlib/libs/circle/lib/usb/libusb.a(dwhciframeschediso.o)
                0x000000000009e430                CDWHCIFrameSchedulerIsochronous::~CDWHCIFrameSchedulerIsochronous()
                0x000000000009e430                CDWHCIFrameSchedulerIsochronous::~CDWHCIFrameSchedulerIsochronous()
                0x000000000009e440                CDWHCIFrameSchedulerIsochronous::CompleteSplit()
                0x000000000009e520                CDWHCIFrameSchedulerIsochronous::TransactionComplete(unsigned int)
                0x000000000009e600                CDWHCIFrameSchedulerIsochronous::GetFrameNumber()
                0x000000000009e6b0                CDWHCIFrameSchedulerIsochronous::IsOddFrame() const
                0x000000000009e710                CDWHCIFrameSchedulerIsochronous::StartSplit()
                0x000000000009e7f0                CDWHCIFrameSchedulerIsochronous::PeriodicDelay(unsigned short)
                0x000000000009e840                CDWHCIFrameSchedulerIsochronous::~CDWHCIFrameSchedulerIsochronous()
                0x000000000009e880                CDWHCIFrameSchedulerIsochronous::CDWHCIFrameSchedulerIsochronous(bool)
                0x000000000009e880                CDWHCIFrameSchedulerIsochronous::CDWHCIFrameSchedulerIsochronous(bool)
                0x000000000009e8b0                CDWHCIFrameSchedulerIsochronous::operator new(unsigned long)
                0x000000000009e910                CDWHCIFrameSchedulerIsochronous::operator delete(void*, unsigned long)
                0x000000000009e970                CDWHCIFrameSchedulerIsochronous::InitAllocator(unsigned int)
                0x000000000009e9f0                CDWHCIFrameSchedulerIsochronous::InitProtectedAllocator(unsigned int, unsigned int)
 .text          0x000000000009ea80     0x140c ../MiniDexed/circle-stdlib/libs/circle/lib/usb/libusb.a(usbdevice.o)
                0x000000000009ea80                CUSBDevice::Configure()
                0x000000000009eb60                CUSBDevice::CUSBDevice(CUSBHostController*, TUSBSpeed, CUSBHCIRootPort*)
                0x000000000009eb60                CUSBDevice::CUSBDevice(CUSBHostController*, TUSBSpeed, CUSBHCIRootPort*)
                0x000000000009ec20                CUSBDevice::CUSBDevice(CUSBHostController*, TUSBSpeed, CUSBStandardHub*, unsigned int)
                0x000000000009ec20                CUSBDevice::CUSBDevice(CUSBHostController*, TUSBSpeed, CUSBStandardHub*, unsigned int)
                0x000000000009ed70                CUSBDevice::ReScanDevices()
                0x000000000009edd0                CUSBDevice::RemoveDevice()
                0x000000000009ee20                CUSBDevice::GetName(TDeviceNameSelector) const
                0x000000000009ef70                CUSBDevice::GetNames() const
                0x000000000009f0b0                CUSBDevice::SetAddress(unsigned char)
                0x000000000009f0e0                CUSBDevice::GetAddress() const
                0x000000000009f0f0                CUSBDevice::GetSpeed() const
                0x000000000009f100                CUSBDevice::IsSplit() const
                0x000000000009f110                CUSBDevice::GetHubAddress() const
                0x000000000009f120                CUSBDevice::GetHubPortNumber() const
                0x000000000009f130                CUSBDevice::GetTTHubDevice() const
                0x000000000009f140                CUSBDevice::GetEndpoint0() const
                0x000000000009f170                CUSBDevice::GetHost() const
                0x000000000009f1a0                CUSBDevice::GetDeviceDescriptor() const
                0x000000000009f1d0                CUSBDevice::GetConfigurationDescriptor() const
                0x000000000009f200                CUSBDevice::GetDescriptor(unsigned char)
                0x000000000009f230                CUSBDevice::ConfigurationError(char const*) const
                0x000000000009f260                CUSBDevice::GetFunction(unsigned int)
                0x000000000009f280                CUSBDevice::LogWrite(TLogSeverity, char const*, ...)
                0x000000000009f4d0                CUSBDevice::~CUSBDevice()
                0x000000000009f4d0                CUSBDevice::~CUSBDevice()
                0x000000000009f550                CUSBDevice::~CUSBDevice()
                0x000000000009f5e0                CUSBDevice::Initialize()
 *fill*         0x000000000009fe8c        0x4 
 .text.startup  0x000000000009fe90       0x44 ../MiniDexed/circle-stdlib/libs/circle/lib/usb/libusb.a(usbdevice.o)
 *fill*         0x000000000009fed4        0xc 
 .text          0x000000000009fee0      0xa3c ../MiniDexed/circle-stdlib/libs/circle/lib/usb/libusb.a(usbdevicefactory.o)
                0x000000000009fee0                CUSBDeviceFactory::GetGenericHIDDevice(CUSBFunction*)
                0x00000000000a0130                CUSBDeviceFactory::FindDeviceID(CString*, TUSBDeviceID const*)
                0x00000000000a01f0                CUSBDeviceFactory::GetDevice(CUSBFunction*, CString*)
 *fill*         0x00000000000a091c        0x4 
 .text          0x00000000000a0920      0x450 ../MiniDexed/circle-stdlib/libs/circle/lib/usb/libusb.a(usbendpoint.o)
                0x00000000000a0920                CUSBEndpoint::CUSBEndpoint(CUSBDevice*)
                0x00000000000a0920                CUSBEndpoint::CUSBEndpoint(CUSBDevice*)
                0x00000000000a0970                CUSBEndpoint::CUSBEndpoint(CUSBDevice*, TUSBEndpointDescriptor const*)
                0x00000000000a0970                CUSBEndpoint::CUSBEndpoint(CUSBDevice*, TUSBEndpointDescriptor const*)
                0x00000000000a0b90                CUSBEndpoint::~CUSBEndpoint()
                0x00000000000a0b90                CUSBEndpoint::~CUSBEndpoint()
                0x00000000000a0ba0                CUSBEndpoint::GetDevice() const
                0x00000000000a0bd0                CUSBEndpoint::GetNumber() const
                0x00000000000a0be0                CUSBEndpoint::GetType() const
                0x00000000000a0bf0                CUSBEndpoint::IsDirectionIn() const
                0x00000000000a0c00                CUSBEndpoint::SetMaxPacketSize(unsigned int)
                0x00000000000a0c10                CUSBEndpoint::GetMaxPacketSize() const
                0x00000000000a0c20                CUSBEndpoint::GetInterval() const
                0x00000000000a0c60                CUSBEndpoint::GetNextPID(bool)
                0x00000000000a0ca0                CUSBEndpoint::SkipPID(unsigned int, bool)
                0x00000000000a0d40                CUSBEndpoint::ResetPID()
 .text          0x00000000000a0d70      0x778 ../MiniDexed/circle-stdlib/libs/circle/lib/usb/libusb.a(usbfunction.o)
                0x00000000000a0d70                CUSBFunction::Initialize()
                0x00000000000a0d80                CUSBFunction::ReScanDevices()
                0x00000000000a0d90                CUSBFunction::~CUSBFunction()
                0x00000000000a0d90                CUSBFunction::~CUSBFunction()
                0x00000000000a0de0                CUSBFunction::RemoveDevice()
                0x00000000000a0e10                CUSBFunction::~CUSBFunction()
                0x00000000000a0e70                CUSBFunction::Configure()
                0x00000000000a0f50                CUSBFunction::CUSBFunction(CUSBDevice*, CUSBConfigurationParser*)
                0x00000000000a0f50                CUSBFunction::CUSBFunction(CUSBDevice*, CUSBConfigurationParser*)
                0x00000000000a1030                CUSBFunction::CUSBFunction(CUSBFunction*)
                0x00000000000a1030                CUSBFunction::CUSBFunction(CUSBFunction*)
                0x00000000000a1130                CUSBFunction::GetInterfaceName() const
                0x00000000000a11d0                CUSBFunction::GetNumEndpoints() const
                0x00000000000a1200                CUSBFunction::GetDevice() const
                0x00000000000a1230                CUSBFunction::GetEndpoint0() const
                0x00000000000a1260                CUSBFunction::GetHost() const
                0x00000000000a1290                CUSBFunction::GetDescriptor(unsigned char)
                0x00000000000a12c0                CUSBFunction::ConfigurationError(char const*) const
                0x00000000000a1310                CUSBFunction::SelectInterfaceByClass(unsigned char, unsigned char, unsigned char, unsigned int)
                0x00000000000a1400                CUSBFunction::GetInterfaceNumber() const
                0x00000000000a1430                CUSBFunction::GetInterfaceClass() const
                0x00000000000a1460                CUSBFunction::GetInterfaceSubClass() const
                0x00000000000a1490                CUSBFunction::GetInterfaceProtocol() const
                0x00000000000a14c0                CUSBFunction::GetInterfaceDescriptor() const
 *fill*         0x00000000000a14e8        0x8 
 .text          0x00000000000a14f0      0x5e4 ../MiniDexed/circle-stdlib/libs/circle/lib/usb/libusb.a(usbgamepadps3.o)
                0x00000000000a14f0                CUSBGamePadPS3Device::~CUSBGamePadPS3Device()
                0x00000000000a14f0                CUSBGamePadPS3Device::~CUSBGamePadPS3Device()
                0x00000000000a1500                CUSBGamePadPS3Device::~CUSBGamePadPS3Device()
                0x00000000000a1540                CUSBGamePadPS3Device::SetLEDMode(TGamePadLEDMode)
                0x00000000000a15e0                CUSBGamePadPS3Device::SetRumbleMode(TGamePadRumbleMode)
                0x00000000000a16e0                CUSBGamePadPS3Device::CUSBGamePadPS3Device(CUSBFunction*)
                0x00000000000a16e0                CUSBGamePadPS3Device::CUSBGamePadPS3Device(CUSBFunction*)
                0x00000000000a1760                CUSBGamePadPS3Device::PS3Enable()
                0x00000000000a1820                CUSBGamePadPS3Device::Configure()
                0x00000000000a1960                CUSBGamePadPS3Device::DecodeReport(unsigned char const*)
 *fill*         0x00000000000a1ad4        0xc 
 .text._ZN17CUSBGamePadDevice10SetLEDModeEjhh
                0x00000000000a1ae0        0x8 ../MiniDexed/circle-stdlib/libs/circle/lib/usb/libusb.a(usbgamepadps3.o)
                0x00000000000a1ae0                CUSBGamePadDevice::SetLEDMode(unsigned int, unsigned char, unsigned char)
 *fill*         0x00000000000a1ae8        0x8 
 .text._ZN20CUSBGamePadPS3Device13GetPropertiesEv
                0x00000000000a1af0        0x8 ../MiniDexed/circle-stdlib/libs/circle/lib/usb/libusb.a(usbgamepadps3.o)
                0x00000000000a1af0                CUSBGamePadPS3Device::GetProperties()
 *fill*         0x00000000000a1af8        0x8 
 .text          0x00000000000a1b00      0xad4 ../MiniDexed/circle-stdlib/libs/circle/lib/usb/libusb.a(usbgamepadps4.o)
                0x00000000000a1b00                CUSBGamePadPS4Device::DecodeReport(unsigned char const*)
                0x00000000000a1cc0                CUSBGamePadPS4Device::~CUSBGamePadPS4Device()
                0x00000000000a1cc0                CUSBGamePadPS4Device::~CUSBGamePadPS4Device()
                0x00000000000a1d10                CUSBGamePadPS4Device::~CUSBGamePadPS4Device()
                0x00000000000a1d70                CUSBGamePadPS4Device::SetLEDMode(unsigned int, unsigned char, unsigned char)
                0x00000000000a1e50                CUSBGamePadPS4Device::SetRumbleMode(TGamePadRumbleMode)
                0x00000000000a1f70                CUSBGamePadPS4Device::SetLEDMode(TGamePadLEDMode)
                0x00000000000a2120                CUSBGamePadPS4Device::CUSBGamePadPS4Device(CUSBFunction*)
                0x00000000000a2120                CUSBGamePadPS4Device::CUSBGamePadPS4Device(CUSBFunction*)
                0x00000000000a2190                CUSBGamePadPS4Device::HandleTouchpad(unsigned char const*)
                0x00000000000a2310                CUSBGamePadPS4Device::ReportHandler(unsigned char const*, unsigned int)
                0x00000000000a2380                CUSBGamePadPS4Device::SendLedRumbleCommand()
                0x00000000000a2450                CUSBGamePadPS4Device::DisableTouchpad()
                0x00000000000a2460                CUSBGamePadPS4Device::Configure()
 *fill*         0x00000000000a25d4        0xc 
 .text._ZN20CUSBGamePadPS4Device13GetPropertiesEv
                0x00000000000a25e0        0x8 ../MiniDexed/circle-stdlib/libs/circle/lib/usb/libusb.a(usbgamepadps4.o)
                0x00000000000a25e0                CUSBGamePadPS4Device::GetProperties()
 *fill*         0x00000000000a25e8        0x8 
 .text          0x00000000000a25f0      0x8cc ../MiniDexed/circle-stdlib/libs/circle/lib/usb/libusb.a(usbgamepadstandard.o)
                0x00000000000a25f0                CUSBGamePadStandardDevice::~CUSBGamePadStandardDevice()
                0x00000000000a25f0                CUSBGamePadStandardDevice::~CUSBGamePadStandardDevice()
                0x00000000000a2630                CUSBGamePadStandardDevice::~CUSBGamePadStandardDevice()
                0x00000000000a2680                CUSBGamePadStandardDevice::CUSBGamePadStandardDevice(CUSBFunction*, bool)
                0x00000000000a2680                CUSBGamePadStandardDevice::CUSBGamePadStandardDevice(CUSBFunction*, bool)
                0x00000000000a26c0                CUSBGamePadStandardDevice::BitGetUnsigned(void const*, unsigned int, unsigned int)
                0x00000000000a2770                CUSBGamePadStandardDevice::BitGetSigned(void const*, unsigned int, unsigned int)
                0x00000000000a2850                CUSBGamePadStandardDevice::DecodeReport(unsigned char const*)
                0x00000000000a2cd0                CUSBGamePadStandardDevice::Configure()
 *fill*         0x00000000000a2ebc        0x4 
 .text._ZN17CUSBGamePadDevice13GetPropertiesEv
                0x00000000000a2ec0        0x8 ../MiniDexed/circle-stdlib/libs/circle/lib/usb/libusb.a(usbgamepadstandard.o)
                0x00000000000a2ec0                CUSBGamePadDevice::GetProperties()
 *fill*         0x00000000000a2ec8        0x8 
 .text._ZN17CUSBGamePadDevice10SetLEDModeE15TGamePadLEDMode
                0x00000000000a2ed0        0x8 ../MiniDexed/circle-stdlib/libs/circle/lib/usb/libusb.a(usbgamepadstandard.o)
                0x00000000000a2ed0                CUSBGamePadDevice::SetLEDMode(TGamePadLEDMode)
 *fill*         0x00000000000a2ed8        0x8 
 .text._ZN17CUSBGamePadDevice13SetRumbleModeE18TGamePadRumbleMode
                0x00000000000a2ee0        0x8 ../MiniDexed/circle-stdlib/libs/circle/lib/usb/libusb.a(usbgamepadstandard.o)
                0x00000000000a2ee0                CUSBGamePadDevice::SetRumbleMode(TGamePadRumbleMode)
 *fill*         0x00000000000a2ee8        0x8 
 .text          0x00000000000a2ef0      0x7e0 ../MiniDexed/circle-stdlib/libs/circle/lib/usb/libusb.a(usbgamepadswitchpro.o)
                0x00000000000a2ef0                CUSBGamePadSwitchProDevice::~CUSBGamePadSwitchProDevice()
                0x00000000000a2ef0                CUSBGamePadSwitchProDevice::~CUSBGamePadSwitchProDevice()
                0x00000000000a2f00                CUSBGamePadSwitchProDevice::~CUSBGamePadSwitchProDevice()
                0x00000000000a2f40                CUSBGamePadSwitchProDevice::SetRumbleMode(TGamePadRumbleMode)
                0x00000000000a3010                CUSBGamePadSwitchProDevice::DecodeReport(unsigned char const*)
                0x00000000000a3220                CUSBGamePadSwitchProDevice::SetLEDMode(TGamePadLEDMode)
                0x00000000000a32f0                CUSBGamePadSwitchProDevice::CUSBGamePadSwitchProDevice(CUSBFunction*)
                0x00000000000a32f0                CUSBGamePadSwitchProDevice::CUSBGamePadSwitchProDevice(CUSBFunction*)
                0x00000000000a3360                CUSBGamePadSwitchProDevice::Configure()
 .text._ZN26CUSBGamePadSwitchProDevice13GetPropertiesEv
                0x00000000000a36d0        0x8 ../MiniDexed/circle-stdlib/libs/circle/lib/usb/libusb.a(usbgamepadswitchpro.o)
                0x00000000000a36d0                CUSBGamePadSwitchProDevice::GetProperties()
 *fill*         0x00000000000a36d8        0x8 
 .text          0x00000000000a36e0      0x4a4 ../MiniDexed/circle-stdlib/libs/circle/lib/usb/libusb.a(usbgamepadxbox360.o)
                0x00000000000a36e0                CUSBGamePadXbox360Device::~CUSBGamePadXbox360Device()
                0x00000000000a36e0                CUSBGamePadXbox360Device::~CUSBGamePadXbox360Device()
                0x00000000000a36f0                CUSBGamePadXbox360Device::~CUSBGamePadXbox360Device()
                0x00000000000a3730                CUSBGamePadXbox360Device::DecodeReport(unsigned char const*)
                0x00000000000a38b0                CUSBGamePadXbox360Device::SetLEDMode(TGamePadLEDMode)
                0x00000000000a3910                CUSBGamePadXbox360Device::ReportHandler(unsigned char const*, unsigned int)
                0x00000000000a3990                CUSBGamePadXbox360Device::SetRumbleMode(TGamePadRumbleMode)
                0x00000000000a3a20                CUSBGamePadXbox360Device::CUSBGamePadXbox360Device(CUSBFunction*)
                0x00000000000a3a20                CUSBGamePadXbox360Device::CUSBGamePadXbox360Device(CUSBFunction*)
                0x00000000000a3a50                CUSBGamePadXbox360Device::Configure()
 *fill*         0x00000000000a3b84        0xc 
 .text._ZN24CUSBGamePadXbox360Device13GetPropertiesEv
                0x00000000000a3b90        0x8 ../MiniDexed/circle-stdlib/libs/circle/lib/usb/libusb.a(usbgamepadxbox360.o)
                0x00000000000a3b90                CUSBGamePadXbox360Device::GetProperties()
 *fill*         0x00000000000a3b98        0x8 
 .text          0x00000000000a3ba0      0x508 ../MiniDexed/circle-stdlib/libs/circle/lib/usb/libusb.a(usbgamepadxboxone.o)
                0x00000000000a3ba0                CUSBGamePadXboxOneDevice::DecodeReport(unsigned char const*)
                0x00000000000a3d50                CUSBGamePadXboxOneDevice::~CUSBGamePadXboxOneDevice()
                0x00000000000a3d50                CUSBGamePadXboxOneDevice::~CUSBGamePadXboxOneDevice()
                0x00000000000a3d60                CUSBGamePadXboxOneDevice::~CUSBGamePadXboxOneDevice()
                0x00000000000a3da0                CUSBGamePadXboxOneDevice::ReportHandler(unsigned char const*, unsigned int)
                0x00000000000a3ea0                CUSBGamePadXboxOneDevice::SetRumbleMode(TGamePadRumbleMode)
                0x00000000000a3f60                CUSBGamePadXboxOneDevice::CUSBGamePadXboxOneDevice(CUSBFunction*)
                0x00000000000a3f60                CUSBGamePadXboxOneDevice::CUSBGamePadXboxOneDevice(CUSBFunction*)
                0x00000000000a3f90                CUSBGamePadXboxOneDevice::Configure()
 *fill*         0x00000000000a40a8        0x8 
 .text._ZN24CUSBGamePadXboxOneDevice13GetPropertiesEv
                0x00000000000a40b0        0x8 ../MiniDexed/circle-stdlib/libs/circle/lib/usb/libusb.a(usbgamepadxboxone.o)
                0x00000000000a40b0                CUSBGamePadXboxOneDevice::GetProperties()
 *fill*         0x00000000000a40b8        0x8 
 .text          0x00000000000a40c0      0x8fc ../MiniDexed/circle-stdlib/libs/circle/lib/usb/libusb.a(usbhiddevice.o)
                0x00000000000a40c0                CUSBHIDDevice::SendCompletionRoutine(CUSBRequest*, void*, void*)
                0x00000000000a4150                CUSBHIDDevice::CUSBHIDDevice(CUSBFunction*, unsigned int)
                0x00000000000a4150                CUSBHIDDevice::CUSBHIDDevice(CUSBFunction*, unsigned int)
                0x00000000000a41c0                CUSBHIDDevice::~CUSBHIDDevice()
                0x00000000000a41c0                CUSBHIDDevice::~CUSBHIDDevice()
                0x00000000000a4240                CUSBHIDDevice::~CUSBHIDDevice()
                0x00000000000a4270                CUSBHIDDevice::ConfigureHID(unsigned int)
                0x00000000000a4530                CUSBHIDDevice::SendToEndpointOut(void const*, unsigned int, unsigned int)
                0x00000000000a45d0                CUSBHIDDevice::SendToEndpointOutAsync(void const*, unsigned int, unsigned int)
                0x00000000000a46e0                CUSBHIDDevice::ReceiveFromEndpointIn(void*, unsigned int, unsigned int)
                0x00000000000a4770                CUSBHIDDevice::StartRequest()
                0x00000000000a4850                CUSBHIDDevice::CompletionRoutine(CUSBRequest*)
                0x00000000000a4990                CUSBHIDDevice::CompletionStub(CUSBRequest*, void*, void*)
 *fill*         0x00000000000a49bc        0x4 
 .text          0x00000000000a49c0      0x630 ../MiniDexed/circle-stdlib/libs/circle/lib/usb/libusb.a(usbkeyboard.o)
                0x00000000000a49d0                CUSBKeyboardDevice::~CUSBKeyboardDevice()
                0x00000000000a49d0                CUSBKeyboardDevice::~CUSBKeyboardDevice()
                0x00000000000a4a50                CUSBKeyboardDevice::~CUSBKeyboardDevice()
                0x00000000000a4a80                CUSBKeyboardDevice::ReportHandler(unsigned char const*, unsigned int)
                0x00000000000a4c50                CUSBKeyboardDevice::CUSBKeyboardDevice(CUSBFunction*)
                0x00000000000a4c50                CUSBKeyboardDevice::CUSBKeyboardDevice(CUSBFunction*)
                0x00000000000a4ce0                CUSBKeyboardDevice::RegisterKeyPressedHandler(void (*)(char const*))
                0x00000000000a4cf0                CUSBKeyboardDevice::RegisterSelectConsoleHandler(void (*)(unsigned int))
                0x00000000000a4d00                CUSBKeyboardDevice::RegisterShutdownHandler(void (*)())
                0x00000000000a4d10                CUSBKeyboardDevice::GetLEDStatus() const
                0x00000000000a4d30                CUSBKeyboardDevice::RegisterKeyStatusHandlerRaw(void (*)(unsigned char, unsigned char const*, void*), bool, void*)
                0x00000000000a4d70                CUSBKeyboardDevice::RegisterKeyStatusHandlerRaw(void (*)(unsigned char, unsigned char const*), bool)
                0x00000000000a4d90                CUSBKeyboardDevice::UnregisterKeyStatusHandlerRaw()
                0x00000000000a4da0                CUSBKeyboardDevice::SetLEDs(unsigned char)
                0x00000000000a4e30                CUSBKeyboardDevice::Configure()
                0x00000000000a4f40                CUSBKeyboardDevice::UpdateLEDs()
                0x00000000000a4fc0                CUSBKeyboardDevice::FindByte(unsigned char const*, unsigned char, unsigned int)
 .text.startup  0x00000000000a4ff0       0x44 ../MiniDexed/circle-stdlib/libs/circle/lib/usb/libusb.a(usbkeyboard.o)
 *fill*         0x00000000000a5034        0xc 
 .text          0x00000000000a5040     0x1020 ../MiniDexed/circle-stdlib/libs/circle/lib/usb/libusb.a(usbmassdevice.o)
                0x00000000000a5040                CUSBBulkOnlyMassStorageDevice::Seek(unsigned long)
                0x00000000000a5050                CUSBBulkOnlyMassStorageDevice::~CUSBBulkOnlyMassStorageDevice()
                0x00000000000a5050                CUSBBulkOnlyMassStorageDevice::~CUSBBulkOnlyMassStorageDevice()
                0x00000000000a5120                CUSBBulkOnlyMassStorageDevice::~CUSBBulkOnlyMassStorageDevice()
                0x00000000000a5150                CUSBBulkOnlyMassStorageDevice::GetSize() const
                0x00000000000a51b0                CUSBBulkOnlyMassStorageDevice::CUSBBulkOnlyMassStorageDevice(CUSBFunction*)
                0x00000000000a51b0                CUSBBulkOnlyMassStorageDevice::CUSBBulkOnlyMassStorageDevice(CUSBFunction*)
                0x00000000000a51f0                CUSBBulkOnlyMassStorageDevice::GetCapacity() const
                0x00000000000a5200                CUSBBulkOnlyMassStorageDevice::Command(void*, unsigned long, void*, unsigned long, bool)
                0x00000000000a5620                CUSBBulkOnlyMassStorageDevice::TryRead(void*, unsigned long)
                0x00000000000a5720                CUSBBulkOnlyMassStorageDevice::TryWrite(void const*, unsigned long)
                0x00000000000a5810                CUSBBulkOnlyMassStorageDevice::Reset()
                0x00000000000a59a0                CUSBBulkOnlyMassStorageDevice::Read(void*, unsigned long)
                0x00000000000a5a50                CUSBBulkOnlyMassStorageDevice::Write(void const*, unsigned long)
                0x00000000000a5b00                CUSBBulkOnlyMassStorageDevice::Configure()
 .text.startup  0x00000000000a6060       0x44 ../MiniDexed/circle-stdlib/libs/circle/lib/usb/libusb.a(usbmassdevice.o)
 *fill*         0x00000000000a60a4        0xc 
 .text          0x00000000000a60b0      0x86c ../MiniDexed/circle-stdlib/libs/circle/lib/usb/libusb.a(usbmidihost.o)
                0x00000000000a60b0                CUSBMIDIHostDevice::~CUSBMIDIHostDevice()
                0x00000000000a60b0                CUSBMIDIHostDevice::~CUSBMIDIHostDevice()
                0x00000000000a6160                CUSBMIDIHostDevice::~CUSBMIDIHostDevice()
                0x00000000000a6190                CUSBMIDIHostDevice::SendEventsHandler(unsigned char const*, unsigned int, void*)
                0x00000000000a6280                CUSBMIDIHostDevice::CUSBMIDIHostDevice(CUSBFunction*)
                0x00000000000a6280                CUSBMIDIHostDevice::CUSBMIDIHostDevice(CUSBFunction*)
                0x00000000000a62c0                CUSBMIDIHostDevice::StartRequest()
                0x00000000000a63b0                CUSBMIDIHostDevice::TimerStub(unsigned long, void*, void*)
                0x00000000000a6410                CUSBMIDIHostDevice::CompletionRoutine(CUSBRequest*)
                0x00000000000a6620                CUSBMIDIHostDevice::CompletionStub(CUSBRequest*, void*, void*)
                0x00000000000a6650                CUSBMIDIHostDevice::TimerHandler(unsigned long)
                0x00000000000a6680                CUSBMIDIHostDevice::Configure()
 *fill*         0x00000000000a691c        0x4 
 .text          0x00000000000a6920      0x7ec ../MiniDexed/circle-stdlib/libs/circle/lib/usb/libusb.a(usbmouse.o)
                0x00000000000a6920                CUSBMouseDevice::~CUSBMouseDevice()
                0x00000000000a6920                CUSBMouseDevice::~CUSBMouseDevice()
                0x00000000000a6980                CUSBMouseDevice::~CUSBMouseDevice()
                0x00000000000a69b0                CUSBMouseDevice::CUSBMouseDevice(CUSBFunction*)
                0x00000000000a69b0                CUSBMouseDevice::CUSBMouseDevice(CUSBFunction*)
                0x00000000000a69f0                CUSBMouseDevice::ExtractUnsigned(void const*, unsigned int, unsigned int)
                0x00000000000a6aa0                CUSBMouseDevice::ExtractSigned(void const*, unsigned int, unsigned int)
                0x00000000000a6b70                CUSBMouseDevice::ReportHandler(unsigned char const*, unsigned int)
                0x00000000000a6c40                CUSBMouseDevice::DecodeReport()
                0x00000000000a6f50                CUSBMouseDevice::Configure()
 *fill*         0x00000000000a710c        0x4 
 .text          0x00000000000a7110      0x3dc ../MiniDexed/circle-stdlib/libs/circle/lib/usb/libusb.a(usbprinter.o)
                0x00000000000a7110                CUSBPrinterDevice::~CUSBPrinterDevice()
                0x00000000000a7110                CUSBPrinterDevice::~CUSBPrinterDevice()
                0x00000000000a71b0                CUSBPrinterDevice::~CUSBPrinterDevice()
                0x00000000000a71e0                CUSBPrinterDevice::Write(void const*, unsigned long)
                0x00000000000a7280                CUSBPrinterDevice::CUSBPrinterDevice(CUSBFunction*)
                0x00000000000a7280                CUSBPrinterDevice::CUSBPrinterDevice(CUSBFunction*)
                0x00000000000a72c0                CUSBPrinterDevice::Configure()
 *fill*         0x00000000000a74ec        0x4 
 .text.startup  0x00000000000a74f0       0x44 ../MiniDexed/circle-stdlib/libs/circle/lib/usb/libusb.a(usbprinter.o)
 *fill*         0x00000000000a7534        0xc 
 .text          0x00000000000a7540      0x5b8 ../MiniDexed/circle-stdlib/libs/circle/lib/usb/libusb.a(usbstring.o)
                0x00000000000a7540                CUSBString::CUSBString(CUSBDevice*)
                0x00000000000a7540                CUSBString::CUSBString(CUSBDevice*)
                0x00000000000a75b0                CUSBString::CUSBString(CUSBString*)
                0x00000000000a75b0                CUSBString::CUSBString(CUSBString*)
                0x00000000000a7680                CUSBString::~CUSBString()
                0x00000000000a7680                CUSBString::~CUSBString()
                0x00000000000a76d0                CUSBString::GetFromDescriptor(unsigned char, unsigned short)
                0x00000000000a7930                CUSBString::Get() const
                0x00000000000a7940                CUSBString::GetLanguageID()
 *fill*         0x00000000000a7af8        0x8 
 .text          0x00000000000a7b00      0x5b4 ../MiniDexed/circle-stdlib/libs/circle/lib/usb/libusb.a(usbserialch341.o)
                0x00000000000a7b00                CUSBSerialCH341Device::~CUSBSerialCH341Device()
                0x00000000000a7b00                CUSBSerialCH341Device::~CUSBSerialCH341Device()
                0x00000000000a7b10                CUSBSerialCH341Device::~CUSBSerialCH341Device()
                0x00000000000a7b50                CUSBSerialCH341Device::SetBaudRate(unsigned int)
                0x00000000000a7c80                CUSBSerialCH341Device::CUSBSerialCH341Device(CUSBFunction*)
                0x00000000000a7c80                CUSBSerialCH341Device::CUSBSerialCH341Device(CUSBFunction*)
                0x00000000000a7cb0                CUSBSerialCH341Device::GetDeviceIDTable()
                0x00000000000a7cc0                CUSBSerialCH341Device::Configure()
                0x00000000000a7e80                CUSBSerialCH341Device::SetLineProperties(TUSBSerialDataBits, TUSBSerialParity, TUSBSerialStopBits)
 *fill*         0x00000000000a80b4        0xc 
 .text          0x00000000000a80c0      0x670 ../MiniDexed/circle-stdlib/libs/circle/lib/usb/libusb.a(usbserialcp210x.o)
                0x00000000000a80c0                CUSBSerialCP210xDevice::~CUSBSerialCP210xDevice()
                0x00000000000a80c0                CUSBSerialCP210xDevice::~CUSBSerialCP210xDevice()
                0x00000000000a80d0                CUSBSerialCP210xDevice::~CUSBSerialCP210xDevice()
                0x00000000000a8110                CUSBSerialCP210xDevice::SetBaudRate(unsigned int)
                0x00000000000a8230                CUSBSerialCP210xDevice::CUSBSerialCP210xDevice(CUSBFunction*)
                0x00000000000a8230                CUSBSerialCP210xDevice::CUSBSerialCP210xDevice(CUSBFunction*)
                0x00000000000a8270                CUSBSerialCP210xDevice::GetDeviceIDTable()
                0x00000000000a8280                CUSBSerialCP210xDevice::Configure()
                0x00000000000a84a0                CUSBSerialCP210xDevice::SetLineProperties(TUSBSerialDataBits, TUSBSerialParity, TUSBSerialStopBits)
 .text          0x00000000000a8730      0x8e4 ../MiniDexed/circle-stdlib/libs/circle/lib/usb/libusb.a(usbserialpl2303.o)
                0x00000000000a8730                CUSBSerialPL2303Device::~CUSBSerialPL2303Device()
                0x00000000000a8730                CUSBSerialPL2303Device::~CUSBSerialPL2303Device()
                0x00000000000a8740                CUSBSerialPL2303Device::~CUSBSerialPL2303Device()
                0x00000000000a8780                CUSBSerialPL2303Device::SetBaudRate(unsigned int)
                0x00000000000a88c0                CUSBSerialPL2303Device::CUSBSerialPL2303Device(CUSBFunction*)
                0x00000000000a88c0                CUSBSerialPL2303Device::CUSBSerialPL2303Device(CUSBFunction*)
                0x00000000000a88f0                CUSBSerialPL2303Device::GetDeviceIDTable()